# tracer: nop
#
# entries-in-buffer/entries-written: 442970/442970   #P:3
#
#                                      _-----=> irqs-off
#                                     / _----=> need-resched
#                                    | / _---=> hardirq/softirq
#                                    || / _--=> preempt-depth
#                                    ||| /     delay
#           TASK-PID    TGID   CPU#  ||||    TIMESTAMP  FUNCTION
#              | |        |      |   ||||       |         |
           <...>-1864  ( 1665) [004] d..2  5859.047073: sched_switch: prev_comm=PropertyWatch prev_pid=1864 prev_prio=120 prev_state=S ==> next_comm=PropertyWatch next_pid=1778 next_prio=120
           <...>-796   (  796) [000] d..3  5859.047080: sched_wakeup: comm=PropertyWatch pid=1617 prio=120 target_cpu=007
          atrace-18481 (18481) [007] d..2  5859.047085: sched_switch: prev_comm=atrace prev_pid=18481 prev_prio=120 prev_state=R+ ==> next_comm=PropertyWatch next_pid=1617 next_prio=120
           <...>-1617  ( 1590) [007] d..2  5859.047096: sched_switch: prev_comm=PropertyWatch prev_pid=1617 prev_prio=120 prev_state=S ==> next_comm=atrace next_pid=18481 next_prio=120
           <...>-796   (  796) [000] d..2  5859.047137: sched_waking: comm=PropertyWatch pid=1617 prio=120 target_cpu=007
           <...>-1778  ( 1585) [004] d..2  5859.047141: sched_switch: prev_comm=PropertyWatch prev_pid=1778 prev_prio=120 prev_state=S ==> next_comm=yuntool next_pid=16316 next_prio=120
          atrace-18481 (18481) [007] ....  5859.047154: tracing_mark_write: trace_event_clock_sync: parent_ts=5859.023272
           <...>-796   (  796) [000] d..3  5859.047166: sched_wakeup: comm=PropertyWatch pid=1617 prio=120 target_cpu=004
          atrace-18481 (18481) [007] d..2  5859.047189: sched_switch: prev_comm=atrace prev_pid=18481 prev_prio=120 prev_state=S ==> next_comm=swapper/7 next_pid=0 next_prio=120
          <idle>-0     (-----) [007] d..1  5859.047191: cpu_idle: state=0 cpu_id=7
         yuntool-16316 (  692) [004] d..2  5859.047194: sched_switch: prev_comm=yuntool prev_pid=16316 prev_prio=120 prev_state=S ==> next_comm=PropertyWatch next_pid=1617 next_prio=120
           <...>-1617  ( 1590) [004] d.h2  5859.047231: sched_waking: comm=yuntool pid=16316 prio=120 target_cpu=004
           <...>-796   (  796) [000] d..2  5859.047245: sched_waking: comm=PropertyWatch pid=1732 prio=120 target_cpu=007
          <idle>-0     (-----) [007] .n.1  5859.047247: cpu_idle: state=4294967295 cpu_id=7
           <...>-1617  ( 1590) [004] d.h3  5859.047248: sched_wakeup: comm=yuntool pid=16316 prio=120 target_cpu=007
          <idle>-0     (-----) [007] d..2  5859.047255: sched_switch: prev_comm=swapper/7 prev_pid=0 prev_prio=120 prev_state=R ==> next_comm=yuntool next_pid=16316 next_prio=120
           <...>-796   (  796) [000] d..3  5859.047274: sched_wakeup: comm=PropertyWatch pid=1732 prio=120 target_cpu=007
         yuntool-16316 (  692) [007] d..2  5859.047292: sched_switch: prev_comm=yuntool prev_pid=16316 prev_prio=120 prev_state=S ==> next_comm=PropertyWatch next_pid=1732 next_prio=120
           <...>-1732  ( 1692) [007] d..2  5859.047308: sched_switch: prev_comm=PropertyWatch prev_pid=1732 prev_prio=120 prev_state=S ==> next_comm=swapper/7 next_pid=0 next_prio=120
          <idle>-0     (-----) [007] d..1  5859.047310: cpu_idle: state=0 cpu_id=7
           <...>-1617  ( 1590) [004] d..2  5859.047312: sched_switch: prev_comm=PropertyWatch prev_pid=1617 prev_prio=120 prev_state=S ==> next_comm=loggerd_write next_pid=868 next_prio=120
           <...>-796   (  796) [000] d..2  5859.047323: sched_waking: comm=PropertyWatch pid=1732 prio=120 target_cpu=007
   loggerd_write-868   (  835) [004] d..2  5859.047326: sched_waking: comm=log_reader pid=16319 prio=120 target_cpu=004
           <...>-796   (  796) [000] d..3  5859.047349: sched_wakeup: comm=PropertyWatch pid=1732 prio=120 target_cpu=007
   loggerd_write-868   (  835) [004] d..3  5859.047355: sched_wakeup: comm=log_reader pid=16319 prio=120 target_cpu=007
          <idle>-0     (-----) [007] dnh2  5859.047358: sched_waking: comm=yuntool pid=16316 prio=120 target_cpu=007
          <idle>-0     (-----) [007] dnh3  5859.047368: sched_wakeup: comm=yuntool pid=16316 prio=120 target_cpu=007
          <idle>-0     (-----) [007] .n.1  5859.047372: cpu_idle: state=4294967295 cpu_id=7
          <idle>-0     (-----) [007] d..2  5859.047375: sched_switch: prev_comm=swapper/7 prev_pid=0 prev_prio=120 prev_state=R ==> next_comm=log_reader next_pid=16319 next_prio=120
   loggerd_write-868   (  835) [004] d..2  5859.047390: sched_switch: prev_comm=loggerd_write prev_pid=868 prev_prio=120 prev_state=S ==> next_comm=weston next_pid=875 next_prio=107
           <...>-796   (  796) [000] d..2  5859.047414: sched_waking: comm=PropertyWatch pid=2113 prio=112 target_cpu=004
      log_reader-16319 (  835) [007] d..2  5859.047427: sched_switch: prev_comm=log_reader prev_pid=16319 prev_prio=120 prev_state=S ==> next_comm=PropertyWatch next_pid=1732 next_prio=120
           <...>-796   (  796) [000] d..3  5859.047445: sched_wakeup: comm=PropertyWatch pid=2113 prio=112 target_cpu=007
          weston-875   (  875) [004] d..2  5859.047464: sched_waking: comm=crtc_commit:215 pid=218 prio=83 target_cpu=004
          weston-875   (  875) [004] d..3  5859.047481: sched_wakeup: comm=crtc_commit:215 pid=218 prio=83 target_cpu=000
           <...>-1732  ( 1692) [007] d..2  5859.047495: sched_switch: prev_comm=PropertyWatch prev_pid=1732 prev_prio=120 prev_state=S ==> next_comm=PropertyWatch next_pid=2113 next_prio=112
           <...>-796   (  796) [000] d..2  5859.047499: sched_switch: prev_comm=propertyd prev_pid=796 prev_prio=120 prev_state=R+ ==> next_comm=crtc_commit:215 next_pid=218 next_prio=83
           <...>-2113  ( 2091) [007] d..2  5859.047504: sched_switch: prev_comm=PropertyWatch prev_pid=2113 prev_prio=112 prev_state=S ==> next_comm=yuntool next_pid=16316 next_prio=120
         yuntool-16316 (  692) [007] d..2  5859.047544: sched_switch: prev_comm=yuntool prev_pid=16316 prev_prio=120 prev_state=S ==> next_comm=swapper/7 next_pid=0 next_prio=120
          <idle>-0     (-----) [007] d..1  5859.047547: cpu_idle: state=0 cpu_id=7
          weston-875   (  875) [004] d..2  5859.047566: sched_waking: comm=bm-virtio-displ pid=1735 prio=120 target_cpu=004
          weston-875   (  875) [004] dn.3  5859.047575: sched_wakeup: comm=bm-virtio-displ pid=1735 prio=120 target_cpu=004
          weston-875   (  875) [004] d..2  5859.047580: sched_switch: prev_comm=weston prev_pid=875 prev_prio=107 prev_state=R+ ==> next_comm=bm-virtio-displ next_pid=1735 next_prio=120
          <idle>-0     (-----) [007] d.h2  5859.047590: sched_waking: comm=yuntool pid=16316 prio=120 target_cpu=007
          <idle>-0     (-----) [007] dnh3  5859.047597: sched_wakeup: comm=yuntool pid=16316 prio=120 target_cpu=007
          <idle>-0     (-----) [007] .n.1  5859.047600: cpu_idle: state=4294967295 cpu_id=7
          <idle>-0     (-----) [007] d..2  5859.047602: sched_switch: prev_comm=swapper/7 prev_pid=0 prev_prio=120 prev_state=R ==> next_comm=yuntool next_pid=16316 next_prio=120
 bm-virtio-displ-1735  ( 1735) [004] d..2  5859.047619: sched_switch: prev_comm=bm-virtio-displ prev_pid=1735 prev_prio=120 prev_state=S ==> next_comm=weston next_pid=875 next_prio=107
         yuntool-16316 (  692) [007] d..2  5859.047647: sched_switch: prev_comm=yuntool prev_pid=16316 prev_prio=120 prev_state=S ==> next_comm=swapper/7 next_pid=0 next_prio=120
          <idle>-0     (-----) [007] d..1  5859.047649: cpu_idle: state=0 cpu_id=7
          weston-875   (  875) [004] d.h1  5859.047687: sched_waking: comm=power_service pid=1064 prio=105 target_cpu=004
          <idle>-0     (-----) [007] d.h2  5859.047696: sched_waking: comm=yuntool pid=16316 prio=120 target_cpu=007
          weston-875   (  875) [004] d.h2  5859.047707: sched_wakeup: comm=power_service pid=1064 prio=105 target_cpu=007
          <idle>-0     (-----) [007] dnh3  5859.047711: sched_wakeup: comm=yuntool pid=16316 prio=120 target_cpu=007
          <idle>-0     (-----) [007] .n.1  5859.047714: cpu_idle: state=4294967295 cpu_id=7
          <idle>-0     (-----) [007] d..2  5859.047722: sched_switch: prev_comm=swapper/7 prev_pid=0 prev_prio=120 prev_state=R ==> next_comm=power_service next_pid=1064 next_prio=105
   power_service-1064  (  798) [007] d..2  5859.047735: sched_switch: prev_comm=power_service prev_pid=1064 prev_prio=105 prev_state=S ==> next_comm=yuntool next_pid=16316 next_prio=120
          weston-875   (  875) [004] d..3  5859.047740: sched_waking: comm=WMSThread pid=1129 prio=107 target_cpu=000
          weston-875   (  875) [004] d..4  5859.047752: sched_wakeup: comm=WMSThread pid=1129 prio=107 target_cpu=007
         yuntool-16316 (  692) [007] d..2  5859.047765: sched_switch: prev_comm=yuntool prev_pid=16316 prev_prio=120 prev_state=S ==> next_comm=WMSThread next_pid=1129 next_prio=107
       WMSThread-1129  (  875) [007] d..2  5859.047821: sched_switch: prev_comm=WMSThread prev_pid=1129 prev_prio=107 prev_state=S ==> next_comm=swapper/7 next_pid=0 next_prio=120
          <idle>-0     (-----) [007] d.h3  5859.047825: sched_waking: comm=yuntool pid=16316 prio=120 target_cpu=007
          <idle>-0     (-----) [007] dnh4  5859.047831: sched_wakeup: comm=yuntool pid=16316 prio=120 target_cpu=007
          <idle>-0     (-----) [007] d..2  5859.047836: sched_switch: prev_comm=swapper/7 prev_pid=0 prev_prio=120 prev_state=R ==> next_comm=yuntool next_pid=16316 next_prio=120
         yuntool-16316 (  692) [007] d..2  5859.047871: sched_switch: prev_comm=yuntool prev_pid=16316 prev_prio=120 prev_state=S ==> next_comm=swapper/7 next_pid=0 next_prio=120
          <idle>-0     (-----) [007] d..1  5859.047874: cpu_idle: state=0 cpu_id=7
 crtc_commit:215-218   (  218) [000] d..2  5859.047890: sched_switch: prev_comm=crtc_commit:215 prev_pid=218 prev_prio=83 prev_state=D ==> next_comm=propertyd next_pid=796 next_prio=120
           <...>-796   (  796) [000] d..2  5859.047901: sched_waking: comm=loggerd_write pid=868 prio=120 target_cpu=004
          <idle>-0     (-----) [007] d.h2  5859.047924: sched_waking: comm=yuntool pid=16316 prio=120 target_cpu=007
           <...>-796   (  796) [000] d..3  5859.047934: sched_wakeup: comm=loggerd_write pid=868 prio=120 target_cpu=007
          <idle>-0     (-----) [007] dnh3  5859.047942: sched_wakeup: comm=yuntool pid=16316 prio=120 target_cpu=007
          <idle>-0     (-----) [007] .n.1  5859.047957: cpu_idle: state=4294967295 cpu_id=7
          <idle>-0     (-----) [007] d..2  5859.047959: sched_switch: prev_comm=swapper/7 prev_pid=0 prev_prio=120 prev_state=R ==> next_comm=loggerd_write next_pid=868 next_prio=120
   loggerd_write-868   (  835) [007] d..2  5859.047970: sched_waking: comm=log_reader pid=16319 prio=120 target_cpu=007
   loggerd_write-868   (  835) [007] d..3  5859.047978: sched_wakeup: comm=log_reader pid=16319 prio=120 target_cpu=007
           <...>-796   (  796) [000] d..2  5859.047982: sched_waking: comm=PropertyWatch pid=2113 prio=112 target_cpu=007
   loggerd_write-868   (  835) [007] d..2  5859.047985: sched_switch: prev_comm=loggerd_write prev_pid=868 prev_prio=120 prev_state=S ==> next_comm=log_reader next_pid=16319 next_prio=120
           <...>-796   (  796) [000] d..3  5859.048001: sched_wakeup: comm=PropertyWatch pid=2113 prio=112 target_cpu=007
      log_reader-16319 (  835) [007] d..2  5859.048007: sched_switch: prev_comm=log_reader prev_pid=16319 prev_prio=120 prev_state=S ==> next_comm=PropertyWatch next_pid=2113 next_prio=112
          weston-875   (  875) [004] d..3  5859.048017: sched_waking: comm=WMSThread pid=1129 prio=107 target_cpu=007
          weston-875   (  875) [004] d..4  5859.048027: sched_wakeup: comm=WMSThread pid=1129 prio=107 target_cpu=007
           <...>-796   (  796) [000] d..2  5859.048064: sched_waking: comm=PropertyWatch pid=2182 prio=120 target_cpu=004
           <...>-2113  ( 2091) [007] d..2  5859.048073: sched_switch: prev_comm=PropertyWatch prev_pid=2113 prev_prio=112 prev_state=S ==> next_comm=WMSThread next_pid=1129 next_prio=107
          weston-875   (  875) [004] d..2  5859.048082: sched_switch: prev_comm=weston prev_pid=875 prev_prio=107 prev_state=S ==> next_comm=swapper/4 next_pid=0 next_prio=120
          <idle>-0     (-----) [004] d..1  5859.048089: cpu_idle: state=0 cpu_id=4
          <idle>-0     (-----) [004] .n.1  5859.048091: cpu_idle: state=4294967295 cpu_id=4
           <...>-796   (  796) [000] d..3  5859.048095: sched_wakeup: comm=PropertyWatch pid=2182 prio=120 target_cpu=004
       WMSThread-1129  (  875) [007] d..2  5859.048098: sched_switch: prev_comm=WMSThread prev_pid=1129 prev_prio=107 prev_state=S ==> next_comm=yuntool next_pid=16316 next_prio=120
          <idle>-0     (-----) [004] d..2  5859.048103: sched_switch: prev_comm=swapper/4 prev_pid=0 prev_prio=120 prev_state=R ==> next_comm=PropertyWatch next_pid=2182 next_prio=120
           <...>-2182  ( 2092) [004] d..2  5859.048121: sched_switch: prev_comm=PropertyWatch prev_pid=2182 prev_prio=120 prev_state=S ==> next_comm=swapper/4 next_pid=0 next_prio=120
          <idle>-0     (-----) [004] d..1  5859.048124: cpu_idle: state=0 cpu_id=4
           <...>-796   (  796) [000] d..2  5859.048133: sched_waking: comm=loggerd_write pid=868 prio=120 target_cpu=007
         yuntool-16316 (  692) [007] d..2  5859.048141: sched_switch: prev_comm=yuntool prev_pid=16316 prev_prio=120 prev_state=S ==> next_comm=swapper/7 next_pid=0 next_prio=120
          <idle>-0     (-----) [007] d..1  5859.048145: cpu_idle: state=0 cpu_id=7
          <idle>-0     (-----) [007] .n.1  5859.048149: cpu_idle: state=4294967295 cpu_id=7
           <...>-796   (  796) [000] d..3  5859.048152: sched_wakeup: comm=loggerd_write pid=868 prio=120 target_cpu=007
          <idle>-0     (-----) [007] d..2  5859.048158: sched_switch: prev_comm=swapper/7 prev_pid=0 prev_prio=120 prev_state=R ==> next_comm=loggerd_write next_pid=868 next_prio=120
   loggerd_write-868   (  835) [007] d..2  5859.048169: sched_waking: comm=log_reader pid=16319 prio=120 target_cpu=007
          <idle>-0     (-----) [004] .n.1  5859.048185: cpu_idle: state=4294967295 cpu_id=4
           <...>-796   (  796) [000] d..2  5859.048185: sched_waking: comm=PropertyWatch pid=2182 prio=120 target_cpu=004
   loggerd_write-868   (  835) [007] d..3  5859.048186: sched_wakeup: comm=log_reader pid=16319 prio=120 target_cpu=004
          <idle>-0     (-----) [004] d..2  5859.048192: sched_switch: prev_comm=swapper/4 prev_pid=0 prev_prio=120 prev_state=R ==> next_comm=log_reader next_pid=16319 next_prio=120
   loggerd_write-868   (  835) [007] d.h2  5859.048200: sched_waking: comm=yuntool pid=16316 prio=120 target_cpu=007
           <...>-796   (  796) [000] d..3  5859.048209: sched_wakeup: comm=PropertyWatch pid=2182 prio=120 target_cpu=004
      log_reader-16319 (  835) [004] d..2  5859.048221: sched_switch: prev_comm=log_reader prev_pid=16319 prev_prio=120 prev_state=S ==> next_comm=PropertyWatch next_pid=2182 next_prio=120
   loggerd_write-868   (  835) [007] d.h3  5859.048225: sched_wakeup: comm=yuntool pid=16316 prio=120 target_cpu=004
   loggerd_write-868   (  835) [007] d..1  5859.048235: sched_waking: comm=log_reader pid=16319 prio=120 target_cpu=004
   loggerd_write-868   (  835) [007] d..2  5859.048243: sched_wakeup: comm=log_reader pid=16319 prio=120 target_cpu=007
   loggerd_write-868   (  835) [007] d..2  5859.048257: sched_switch: prev_comm=loggerd_write prev_pid=868 prev_prio=120 prev_state=S ==> next_comm=log_reader next_pid=16319 next_prio=120
           <...>-796   (  796) [000] d..2  5859.048278: sched_waking: comm=PropertyWatch pid=1690 prio=120 target_cpu=007
      log_reader-16319 (  835) [007] d..2  5859.048286: sched_switch: prev_comm=log_reader prev_pid=16319 prev_prio=120 prev_state=S ==> next_comm=swapper/7 next_pid=0 next_prio=120
          <idle>-0     (-----) [007] d..1  5859.048289: cpu_idle: state=0 cpu_id=7
           <...>-2182  ( 2092) [004] d..2  5859.048296: sched_switch: prev_comm=PropertyWatch prev_pid=2182 prev_prio=120 prev_state=S ==> next_comm=yuntool next_pid=16316 next_prio=120
          <idle>-0     (-----) [007] .n.1  5859.048297: cpu_idle: state=4294967295 cpu_id=7
           <...>-796   (  796) [000] d..3  5859.048301: sched_wakeup: comm=PropertyWatch pid=1690 prio=120 target_cpu=007
          <idle>-0     (-----) [007] d..2  5859.048305: sched_switch: prev_comm=swapper/7 prev_pid=0 prev_prio=120 prev_state=R ==> next_comm=PropertyWatch next_pid=1690 next_prio=120
           <...>-1690  ( 1515) [007] d..2  5859.048319: sched_switch: prev_comm=PropertyWatch prev_pid=1690 prev_prio=120 prev_state=S ==> next_comm=swapper/7 next_pid=0 next_prio=120
          <idle>-0     (-----) [007] d..1  5859.048321: cpu_idle: state=0 cpu_id=7
           <...>-796   (  796) [000] d..2  5859.048333: sched_waking: comm=loggerd_write pid=868 prio=120 target_cpu=007
         yuntool-16316 (  692) [004] d..2  5859.048348: sched_switch: prev_comm=yuntool prev_pid=16316 prev_prio=120 prev_state=S ==> next_comm=swapper/4 next_pid=0 next_prio=120
          <idle>-0     (-----) [007] .n.1  5859.048348: cpu_idle: state=4294967295 cpu_id=7
           <...>-796   (  796) [000] d..3  5859.048351: sched_wakeup: comm=loggerd_write pid=868 prio=120 target_cpu=007
          <idle>-0     (-----) [004] d..1  5859.048351: cpu_idle: state=0 cpu_id=4
          <idle>-0     (-----) [007] d..2  5859.048355: sched_switch: prev_comm=swapper/7 prev_pid=0 prev_prio=120 prev_state=R ==> next_comm=loggerd_write next_pid=868 next_prio=120
   loggerd_write-868   (  835) [007] d.h3  5859.048364: sched_waking: comm=amfm pid=1191 prio=120 target_cpu=007
          <idle>-0     (-----) [004] .n.1  5859.048375: cpu_idle: state=4294967295 cpu_id=4
   loggerd_write-868   (  835) [007] d.h4  5859.048376: sched_wakeup: comm=amfm pid=1191 prio=120 target_cpu=004
           <...>-796   (  796) [000] d..2  5859.048381: sched_waking: comm=PropertyWatch pid=1690 prio=120 target_cpu=007
          <idle>-0     (-----) [004] d..2  5859.048386: sched_switch: prev_comm=swapper/4 prev_pid=0 prev_prio=120 prev_state=R ==> next_comm=amfm next_pid=1191 next_prio=120
            amfm-1191  ( 1174) [004] d.h3  5859.048393: sched_waking: comm=yuntool pid=16316 prio=120 target_cpu=004
   loggerd_write-868   (  835) [007] d..2  5859.048413: sched_waking: comm=log_reader pid=16319 prio=120 target_cpu=007
           <...>-796   (  796) [000] d..3  5859.048416: sched_wakeup: comm=PropertyWatch pid=1690 prio=120 target_cpu=004
   loggerd_write-868   (  835) [007] d..3  5859.048418: sched_wakeup: comm=log_reader pid=16319 prio=120 target_cpu=007
            amfm-1191  ( 1174) [004] d.h4  5859.048421: sched_wakeup: comm=yuntool pid=16316 prio=120 target_cpu=004
   loggerd_write-868   (  835) [007] d..2  5859.048424: sched_switch: prev_comm=loggerd_write prev_pid=868 prev_prio=120 prev_state=S ==> next_comm=log_reader next_pid=16319 next_prio=120
            amfm-1191  ( 1174) [004] d..1  5859.048437: sched_waking: comm=amfm pid=1199 prio=120 target_cpu=007
            amfm-1191  ( 1174) [004] d..2  5859.048453: sched_wakeup: comm=amfm pid=1199 prio=120 target_cpu=007
      log_reader-16319 (  835) [007] d..2  5859.048458: sched_switch: prev_comm=log_reader prev_pid=16319 prev_prio=120 prev_state=S ==> next_comm=amfm next_pid=1199 next_prio=120
            amfm-1191  ( 1174) [004] d..2  5859.048468: sched_switch: prev_comm=amfm prev_pid=1191 prev_prio=120 prev_state=S ==> next_comm=PropertyWatch next_pid=1690 next_prio=120
            amfm-1199  ( 1174) [007] d..2  5859.048485: sched_switch: prev_comm=amfm prev_pid=1199 prev_prio=120 prev_state=S ==> next_comm=swapper/7 next_pid=0 next_prio=120
          <idle>-0     (-----) [007] d..1  5859.048488: cpu_idle: state=0 cpu_id=7
           <...>-796   (  796) [000] d..2  5859.048502: sched_waking: comm=PropertyWatch pid=1912 prio=120 target_cpu=000
          <idle>-0     (-----) [007] .n.1  5859.048531: cpu_idle: state=4294967295 cpu_id=7
           <...>-796   (  796) [000] d..3  5859.048534: sched_wakeup: comm=PropertyWatch pid=1912 prio=120 target_cpu=007
          <idle>-0     (-----) [007] d..2  5859.048538: sched_switch: prev_comm=swapper/7 prev_pid=0 prev_prio=120 prev_state=R ==> next_comm=PropertyWatch next_pid=1912 next_prio=120
           <...>-1690  ( 1515) [004] d..2  5859.048541: sched_switch: prev_comm=PropertyWatch prev_pid=1690 prev_prio=120 prev_state=S ==> next_comm=yuntool next_pid=16316 next_prio=120
           <...>-1912  ( 1857) [007] d..2  5859.048563: sched_switch: prev_comm=PropertyWatch prev_pid=1912 prev_prio=120 prev_state=S ==> next_comm=swapper/7 next_pid=0 next_prio=120
          <idle>-0     (-----) [007] d..1  5859.048566: cpu_idle: state=0 cpu_id=7
           <...>-796   (  796) [000] d..2  5859.048584: sched_waking: comm=loggerd_write pid=868 prio=120 target_cpu=007
         yuntool-16316 (  692) [004] d..2  5859.048592: sched_switch: prev_comm=yuntool prev_pid=16316 prev_prio=120 prev_state=S ==> next_comm=swapper/4 next_pid=0 next_prio=120
          <idle>-0     (-----) [004] d..1  5859.048596: cpu_idle: state=0 cpu_id=4
          <idle>-0     (-----) [007] .n.1  5859.048599: cpu_idle: state=4294967295 cpu_id=7
           <...>-796   (  796) [000] d..3  5859.048602: sched_wakeup: comm=loggerd_write pid=868 prio=120 target_cpu=007
          <idle>-0     (-----) [007] d..2  5859.048606: sched_switch: prev_comm=swapper/7 prev_pid=0 prev_prio=120 prev_state=R ==> next_comm=loggerd_write next_pid=868 next_prio=120
   loggerd_write-868   (  835) [007] d..2  5859.048616: sched_waking: comm=log_reader pid=16319 prio=120 target_cpu=007
   loggerd_write-868   (  835) [007] d..3  5859.048630: sched_wakeup: comm=log_reader pid=16319 prio=120 target_cpu=004
           <...>-796   (  796) [000] d..2  5859.048633: sched_waking: comm=PropertyWatch pid=1912 prio=120 target_cpu=007
          <idle>-0     (-----) [004] dnh2  5859.048640: sched_waking: comm=yuntool pid=16316 prio=120 target_cpu=004
          <idle>-0     (-----) [004] dnh3  5859.048648: sched_wakeup: comm=yuntool pid=16316 prio=120 target_cpu=004
   loggerd_write-868   (  835) [007] d..2  5859.048660: sched_switch: prev_comm=loggerd_write prev_pid=868 prev_prio=120 prev_state=S ==> next_comm=swapper/7 next_pid=0 next_prio=120
          <idle>-0     (-----) [007] d..1  5859.048662: cpu_idle: state=0 cpu_id=7
           <...>-796   (  796) [000] d..3  5859.048666: sched_wakeup: comm=PropertyWatch pid=1912 prio=120 target_cpu=004
          <idle>-0     (-----) [004] .n.1  5859.048669: cpu_idle: state=4294967295 cpu_id=4
          <idle>-0     (-----) [004] d..2  5859.048673: sched_switch: prev_comm=swapper/4 prev_pid=0 prev_prio=120 prev_state=R ==> next_comm=PropertyWatch next_pid=1912 next_prio=120
           <...>-1912  ( 1857) [004] d..2  5859.048742: sched_switch: prev_comm=PropertyWatch prev_pid=1912 prev_prio=120 prev_state=S ==> next_comm=yuntool next_pid=16316 next_prio=120
           <...>-796   (  796) [000] d..2  5859.048754: sched_waking: comm=PropertyWatch pid=1720 prio=120 target_cpu=007
          <idle>-0     (-----) [007] .n.1  5859.048772: cpu_idle: state=4294967295 cpu_id=7
           <...>-796   (  796) [000] d..3  5859.048776: sched_wakeup: comm=PropertyWatch pid=1720 prio=120 target_cpu=007
          <idle>-0     (-----) [007] d..2  5859.048780: sched_switch: prev_comm=swapper/7 prev_pid=0 prev_prio=120 prev_state=R ==> next_comm=PropertyWatch next_pid=1720 next_prio=120
         yuntool-16316 (  692) [004] d..2  5859.048780: sched_switch: prev_comm=yuntool prev_pid=16316 prev_prio=120 prev_state=S ==> next_comm=log_reader next_pid=16319 next_prio=120
           <...>-1720  ( 1593) [007] d..2  5859.048793: sched_switch: prev_comm=PropertyWatch prev_pid=1720 prev_prio=120 prev_state=S ==> next_comm=swapper/7 next_pid=0 next_prio=120
          <idle>-0     (-----) [007] d..1  5859.048795: cpu_idle: state=0 cpu_id=7
           <...>-796   (  796) [000] d..2  5859.048808: sched_waking: comm=loggerd_write pid=868 prio=120 target_cpu=007
      log_reader-16319 (  835) [004] d..2  5859.048822: sched_switch: prev_comm=log_reader prev_pid=16319 prev_prio=120 prev_state=S ==> next_comm=swapper/4 next_pid=0 next_prio=120
          <idle>-0     (-----) [007] .n.1  5859.048823: cpu_idle: state=4294967295 cpu_id=7
           <...>-796   (  796) [000] d..3  5859.048826: sched_wakeup: comm=loggerd_write pid=868 prio=120 target_cpu=007
          <idle>-0     (-----) [004] d..1  5859.048829: cpu_idle: state=0 cpu_id=4
          <idle>-0     (-----) [007] d..2  5859.048830: sched_switch: prev_comm=swapper/7 prev_pid=0 prev_prio=120 prev_state=R ==> next_comm=loggerd_write next_pid=868 next_prio=120
          <idle>-0     (-----) [004] d.h2  5859.048834: sched_waking: comm=yuntool pid=16316 prio=120 target_cpu=004
   loggerd_write-868   (  835) [007] d..2  5859.048836: sched_waking: comm=log_reader pid=16319 prio=120 target_cpu=004
          <idle>-0     (-----) [004] dnh3  5859.048841: sched_wakeup: comm=yuntool pid=16316 prio=120 target_cpu=004
   loggerd_write-868   (  835) [007] d..3  5859.048844: sched_wakeup: comm=log_reader pid=16319 prio=120 target_cpu=004
          <idle>-0     (-----) [004] .n.1  5859.048848: cpu_idle: state=4294967295 cpu_id=4
          <idle>-0     (-----) [004] d..2  5859.048851: sched_switch: prev_comm=swapper/4 prev_pid=0 prev_prio=120 prev_state=R ==> next_comm=yuntool next_pid=16316 next_prio=120
   loggerd_write-868   (  835) [007] d..2  5859.048853: sched_switch: prev_comm=loggerd_write prev_pid=868 prev_prio=120 prev_state=S ==> next_comm=swapper/7 next_pid=0 next_prio=120
          <idle>-0     (-----) [007] d..1  5859.048855: cpu_idle: state=0 cpu_id=7
           <...>-796   (  796) [000] d..2  5859.048856: sched_waking: comm=PropertyWatch pid=1720 prio=120 target_cpu=007
          <idle>-0     (-----) [007] .n.1  5859.048870: cpu_idle: state=4294967295 cpu_id=7
           <...>-796   (  796) [000] d..3  5859.048873: sched_wakeup: comm=PropertyWatch pid=1720 prio=120 target_cpu=007
          <idle>-0     (-----) [007] d..2  5859.048877: sched_switch: prev_comm=swapper/7 prev_pid=0 prev_prio=120 prev_state=R ==> next_comm=PropertyWatch next_pid=1720 next_prio=120
         yuntool-16316 (  692) [004] d..2  5859.048885: sched_switch: prev_comm=yuntool prev_pid=16316 prev_prio=120 prev_state=S ==> next_comm=log_reader next_pid=16319 next_prio=120
      log_reader-16319 (  835) [004] d..2  5859.048918: sched_switch: prev_comm=log_reader prev_pid=16319 prev_prio=120 prev_state=S ==> next_comm=swapper/4 next_pid=0 next_prio=120
          <idle>-0     (-----) [004] d..1  5859.048921: cpu_idle: state=0 cpu_id=4
           <...>-796   (  796) [000] d..2  5859.048933: sched_waking: comm=PropertyWatch pid=1745 prio=120 target_cpu=007
          <idle>-0     (-----) [004] d.h2  5859.048938: sched_waking: comm=yuntool pid=16316 prio=120 target_cpu=004
          <idle>-0     (-----) [004] dnh3  5859.048943: sched_wakeup: comm=yuntool pid=16316 prio=120 target_cpu=004
           <...>-1720  ( 1593) [007] d..2  5859.048944: sched_switch: prev_comm=PropertyWatch prev_pid=1720 prev_prio=120 prev_state=S ==> next_comm=swapper/7 next_pid=0 next_prio=120
          <idle>-0     (-----) [004] .n.1  5859.048946: cpu_idle: state=4294967295 cpu_id=4
          <idle>-0     (-----) [007] d..1  5859.048947: cpu_idle: state=0 cpu_id=7
          <idle>-0     (-----) [004] d..2  5859.048949: sched_switch: prev_comm=swapper/4 prev_pid=0 prev_prio=120 prev_state=R ==> next_comm=yuntool next_pid=16316 next_prio=120
          <idle>-0     (-----) [007] .n.1  5859.048955: cpu_idle: state=4294967295 cpu_id=7
           <...>-796   (  796) [000] d..3  5859.048959: sched_wakeup: comm=PropertyWatch pid=1745 prio=120 target_cpu=007
          <idle>-0     (-----) [007] d..2  5859.048963: sched_switch: prev_comm=swapper/7 prev_pid=0 prev_prio=120 prev_state=R ==> next_comm=PropertyWatch next_pid=1745 next_prio=120
           <...>-1745  ( 1678) [007] d..2  5859.048976: sched_switch: prev_comm=PropertyWatch prev_pid=1745 prev_prio=120 prev_state=S ==> next_comm=swapper/7 next_pid=0 next_prio=120
          <idle>-0     (-----) [007] d..1  5859.048978: cpu_idle: state=0 cpu_id=7
         yuntool-16316 (  692) [004] d..2  5859.048988: sched_switch: prev_comm=yuntool prev_pid=16316 prev_prio=120 prev_state=S ==> next_comm=swapper/4 next_pid=0 next_prio=120
           <...>-796   (  796) [000] d..2  5859.048990: sched_waking: comm=loggerd_write pid=868 prio=120 target_cpu=007
          <idle>-0     (-----) [004] d..1  5859.048991: cpu_idle: state=0 cpu_id=4
          <idle>-0     (-----) [007] .n.1  5859.049005: cpu_idle: state=4294967295 cpu_id=7
           <...>-796   (  796) [000] d..3  5859.049008: sched_wakeup: comm=loggerd_write pid=868 prio=120 target_cpu=007
          <idle>-0     (-----) [007] d..2  5859.049011: sched_switch: prev_comm=swapper/7 prev_pid=0 prev_prio=120 prev_state=R ==> next_comm=loggerd_write next_pid=868 next_prio=120
   loggerd_write-868   (  835) [007] d..2  5859.049022: sched_waking: comm=log_reader pid=16319 prio=120 target_cpu=004
   loggerd_write-868   (  835) [007] d..3  5859.049031: sched_wakeup: comm=log_reader pid=16319 prio=120 target_cpu=004
           <...>-796   (  796) [000] d..2  5859.049038: sched_waking: comm=PropertyWatch pid=1745 prio=120 target_cpu=007
          <idle>-0     (-----) [004] dnh2  5859.049038: sched_waking: comm=yuntool pid=16316 prio=120 target_cpu=004
   loggerd_write-868   (  835) [007] d..2  5859.049045: sched_switch: prev_comm=loggerd_write prev_pid=868 prev_prio=120 prev_state=S ==> next_comm=swapper/7 next_pid=0 next_prio=120
          <idle>-0     (-----) [007] d..1  5859.049047: cpu_idle: state=0 cpu_id=7
          <idle>-0     (-----) [007] .n.1  5859.049056: cpu_idle: state=4294967295 cpu_id=7
           <...>-796   (  796) [000] d..3  5859.049059: sched_wakeup: comm=PropertyWatch pid=1745 prio=120 target_cpu=007
          <idle>-0     (-----) [004] dnh3  5859.049064: sched_wakeup: comm=yuntool pid=16316 prio=120 target_cpu=007
          <idle>-0     (-----) [007] d..2  5859.049066: sched_switch: prev_comm=swapper/7 prev_pid=0 prev_prio=120 prev_state=R ==> next_comm=PropertyWatch next_pid=1745 next_prio=120
          <idle>-0     (-----) [004] .n.1  5859.049080: cpu_idle: state=4294967295 cpu_id=4
          <idle>-0     (-----) [004] d..2  5859.049084: sched_switch: prev_comm=swapper/4 prev_pid=0 prev_prio=120 prev_state=R ==> next_comm=log_reader next_pid=16319 next_prio=120
      log_reader-16319 (  835) [004] d..2  5859.049121: sched_switch: prev_comm=log_reader prev_pid=16319 prev_prio=120 prev_state=S ==> next_comm=swapper/4 next_pid=0 next_prio=120
           <...>-796   (  796) [000] d..2  5859.049122: sched_waking: comm=PropertyWatch pid=1837 prio=120 target_cpu=007
          <idle>-0     (-----) [004] d..1  5859.049125: cpu_idle: state=0 cpu_id=4
           <...>-1745  ( 1678) [007] d..2  5859.049133: sched_switch: prev_comm=PropertyWatch prev_pid=1745 prev_prio=120 prev_state=S ==> next_comm=yuntool next_pid=16316 next_prio=120
          <idle>-0     (-----) [004] .n.1  5859.049152: cpu_idle: state=4294967295 cpu_id=4
           <...>-796   (  796) [000] d..3  5859.049155: sched_wakeup: comm=PropertyWatch pid=1837 prio=120 target_cpu=004
          <idle>-0     (-----) [004] d..2  5859.049162: sched_switch: prev_comm=swapper/4 prev_pid=0 prev_prio=120 prev_state=R ==> next_comm=PropertyWatch next_pid=1837 next_prio=120
         yuntool-16316 (  692) [007] d..2  5859.049185: sched_switch: prev_comm=yuntool prev_pid=16316 prev_prio=120 prev_state=S ==> next_comm=swapper/7 next_pid=0 next_prio=120
          <idle>-0     (-----) [007] d..1  5859.049188: cpu_idle: state=0 cpu_id=7
           <...>-1837  ( 1782) [004] d..2  5859.049192: sched_switch: prev_comm=PropertyWatch prev_pid=1837 prev_prio=120 prev_state=S ==> next_comm=swapper/4 next_pid=0 next_prio=120
          <idle>-0     (-----) [004] d..1  5859.049195: cpu_idle: state=0 cpu_id=4
           <...>-796   (  796) [000] d..2  5859.049209: sched_waking: comm=loggerd_write pid=868 prio=120 target_cpu=007
          <idle>-0     (-----) [007] d.h2  5859.049220: sched_waking: comm=yuntool pid=16316 prio=120 target_cpu=007
           <...>-796   (  796) [000] d..3  5859.049228: sched_wakeup: comm=loggerd_write pid=868 prio=120 target_cpu=007
          <idle>-0     (-----) [004] .n.1  5859.049241: cpu_idle: state=4294967295 cpu_id=4
          <idle>-0     (-----) [007] dnh3  5859.049242: sched_wakeup: comm=yuntool pid=16316 prio=120 target_cpu=004
          <idle>-0     (-----) [004] d..2  5859.049247: sched_switch: prev_comm=swapper/4 prev_pid=0 prev_prio=120 prev_state=R ==> next_comm=yuntool next_pid=16316 next_prio=120
           <...>-796   (  796) [000] d..2  5859.049256: sched_waking: comm=PropertyWatch pid=1837 prio=120 target_cpu=004
          <idle>-0     (-----) [007] .n.1  5859.049256: cpu_idle: state=4294967295 cpu_id=7
          <idle>-0     (-----) [007] d..2  5859.049259: sched_switch: prev_comm=swapper/7 prev_pid=0 prev_prio=120 prev_state=R ==> next_comm=loggerd_write next_pid=868 next_prio=120
   loggerd_write-868   (  835) [007] d..2  5859.049269: sched_waking: comm=log_reader pid=16319 prio=120 target_cpu=004
           <...>-796   (  796) [000] d..3  5859.049273: sched_wakeup: comm=PropertyWatch pid=1837 prio=120 target_cpu=004
   loggerd_write-868   (  835) [007] d..3  5859.049286: sched_wakeup: comm=log_reader pid=16319 prio=120 target_cpu=007
         yuntool-16316 (  692) [004] d..2  5859.049290: sched_switch: prev_comm=yuntool prev_pid=16316 prev_prio=120 prev_state=S ==> next_comm=PropertyWatch next_pid=1837 next_prio=120
   loggerd_write-868   (  835) [007] d..2  5859.049305: sched_switch: prev_comm=loggerd_write prev_pid=868 prev_prio=120 prev_state=S ==> next_comm=log_reader next_pid=16319 next_prio=120
           <...>-796   (  796) [000] d..2  5859.049331: sched_waking: comm=PropertyWatch pid=1869 prio=120 target_cpu=007
      log_reader-16319 (  835) [007] d..2  5859.049331: sched_switch: prev_comm=log_reader prev_pid=16319 prev_prio=120 prev_state=S ==> next_comm=swapper/7 next_pid=0 next_prio=120
          <idle>-0     (-----) [007] d..1  5859.049333: cpu_idle: state=0 cpu_id=7
           <...>-1837  ( 1782) [004] d.h1  5859.049341: sched_waking: comm=yuntool pid=16316 prio=120 target_cpu=004
          <idle>-0     (-----) [007] .n.1  5859.049348: cpu_idle: state=4294967295 cpu_id=7
           <...>-796   (  796) [000] d..3  5859.049352: sched_wakeup: comm=PropertyWatch pid=1869 prio=120 target_cpu=007
          <idle>-0     (-----) [007] d..2  5859.049360: sched_switch: prev_comm=swapper/7 prev_pid=0 prev_prio=120 prev_state=R ==> next_comm=PropertyWatch next_pid=1869 next_prio=120
           <...>-1837  ( 1782) [004] d.h2  5859.049366: sched_wakeup: comm=yuntool pid=16316 prio=120 target_cpu=007
           <...>-1869  ( 1580) [007] d..2  5859.049373: sched_switch: prev_comm=PropertyWatch prev_pid=1869 prev_prio=120 prev_state=S ==> next_comm=yuntool next_pid=16316 next_prio=120
           <...>-796   (  796) [000] d..2  5859.049388: sched_waking: comm=loggerd_write pid=868 prio=120 target_cpu=007
           <...>-796   (  796) [000] d..3  5859.049404: sched_wakeup: comm=loggerd_write pid=868 prio=120 target_cpu=007
         yuntool-16316 (  692) [007] d..2  5859.049410: sched_switch: prev_comm=yuntool prev_pid=16316 prev_prio=120 prev_state=S ==> next_comm=loggerd_write next_pid=868 next_prio=120
           <...>-1837  ( 1782) [004] d..2  5859.049418: sched_switch: prev_comm=PropertyWatch prev_pid=1837 prev_prio=120 prev_state=S ==> next_comm=swapper/4 next_pid=0 next_prio=120
          <idle>-0     (-----) [004] d..1  5859.049420: cpu_idle: state=0 cpu_id=4
   loggerd_write-868   (  835) [007] d..2  5859.049420: sched_waking: comm=log_reader pid=16319 prio=120 target_cpu=007
          <idle>-0     (-----) [004] .n.1  5859.049434: cpu_idle: state=4294967295 cpu_id=4
   loggerd_write-868   (  835) [007] d..3  5859.049436: sched_wakeup: comm=log_reader pid=16319 prio=120 target_cpu=004
           <...>-796   (  796) [000] d..2  5859.049438: sched_waking: comm=PropertyWatch pid=1869 prio=120 target_cpu=007
          <idle>-0     (-----) [004] d..2  5859.049441: sched_switch: prev_comm=swapper/4 prev_pid=0 prev_prio=120 prev_state=R ==> next_comm=log_reader next_pid=16319 next_prio=120
   loggerd_write-868   (  835) [007] d.h2  5859.049463: sched_waking: comm=yuntool pid=16316 prio=120 target_cpu=007
           <...>-796   (  796) [000] d..3  5859.049476: sched_wakeup: comm=PropertyWatch pid=1869 prio=120 target_cpu=004
      log_reader-16319 (  835) [004] d..2  5859.049490: sched_switch: prev_comm=log_reader prev_pid=16319 prev_prio=120 prev_state=S ==> next_comm=PropertyWatch next_pid=1869 next_prio=120
   loggerd_write-868   (  835) [007] d.h3  5859.049495: sched_wakeup: comm=yuntool pid=16316 prio=120 target_cpu=004
   loggerd_write-868   (  835) [007] d..1  5859.049511: sched_waking: comm=log_reader pid=16319 prio=120 target_cpu=004
   loggerd_write-868   (  835) [007] d..2  5859.049519: sched_wakeup: comm=log_reader pid=16319 prio=120 target_cpu=007
   loggerd_write-868   (  835) [007] d..2  5859.049533: sched_switch: prev_comm=loggerd_write prev_pid=868 prev_prio=120 prev_state=S ==> next_comm=log_reader next_pid=16319 next_prio=120
      log_reader-16319 (  835) [007] d..2  5859.049558: sched_switch: prev_comm=log_reader prev_pid=16319 prev_prio=120 prev_state=S ==> next_comm=swapper/7 next_pid=0 next_prio=120
           <...>-1869  ( 1580) [004] d..2  5859.049560: sched_switch: prev_comm=PropertyWatch prev_pid=1869 prev_prio=120 prev_state=S ==> next_comm=yuntool next_pid=16316 next_prio=120
          <idle>-0     (-----) [007] d..1  5859.049561: cpu_idle: state=0 cpu_id=7
           <...>-796   (  796) [000] d..2  5859.049576: sched_waking: comm=PropertyWatch pid=1290 prio=112 target_cpu=000
          <idle>-0     (-----) [007] .n.1  5859.049605: cpu_idle: state=4294967295 cpu_id=7
           <...>-796   (  796) [000] d..3  5859.049608: sched_wakeup: comm=PropertyWatch pid=1290 prio=112 target_cpu=007
         yuntool-16316 (  692) [004] d..2  5859.049609: sched_switch: prev_comm=yuntool prev_pid=16316 prev_prio=120 prev_state=S ==> next_comm=swapper/4 next_pid=0 next_prio=120
          <idle>-0     (-----) [007] d..2  5859.049612: sched_switch: prev_comm=swapper/7 prev_pid=0 prev_prio=120 prev_state=R ==> next_comm=PropertyWatch next_pid=1290 next_prio=112
          <idle>-0     (-----) [004] d..1  5859.049613: cpu_idle: state=0 cpu_id=4
           <...>-1290  ( 1121) [007] d..2  5859.049638: sched_switch: prev_comm=PropertyWatch prev_pid=1290 prev_prio=112 prev_state=S ==> next_comm=swapper/7 next_pid=0 next_prio=120
          <idle>-0     (-----) [007] d..1  5859.049640: cpu_idle: state=0 cpu_id=7
          <idle>-0     (-----) [004] d.h2  5859.049653: sched_waking: comm=yuntool pid=16316 prio=120 target_cpu=004
           <...>-796   (  796) [000] d..2  5859.049657: sched_waking: comm=loggerd_write pid=868 prio=120 target_cpu=007
          <idle>-0     (-----) [004] dnh3  5859.049660: sched_wakeup: comm=yuntool pid=16316 prio=120 target_cpu=004
          <idle>-0     (-----) [004] .n.1  5859.049664: cpu_idle: state=4294967295 cpu_id=4
          <idle>-0     (-----) [004] d..2  5859.049667: sched_switch: prev_comm=swapper/4 prev_pid=0 prev_prio=120 prev_state=R ==> next_comm=yuntool next_pid=16316 next_prio=120
          <idle>-0     (-----) [007] .n.1  5859.049671: cpu_idle: state=4294967295 cpu_id=7
           <...>-796   (  796) [000] d..3  5859.049675: sched_wakeup: comm=loggerd_write pid=868 prio=120 target_cpu=007
          <idle>-0     (-----) [007] d..2  5859.049679: sched_switch: prev_comm=swapper/7 prev_pid=0 prev_prio=120 prev_state=R ==> next_comm=loggerd_write next_pid=868 next_prio=120
   loggerd_write-868   (  835) [007] d..2  5859.049687: sched_waking: comm=log_reader pid=16319 prio=120 target_cpu=007
         yuntool-16316 (  692) [004] d..2  5859.049700: sched_switch: prev_comm=yuntool prev_pid=16316 prev_prio=120 prev_state=S ==> next_comm=swapper/4 next_pid=0 next_prio=120
          <idle>-0     (-----) [004] d..1  5859.049702: cpu_idle: state=0 cpu_id=4
          <idle>-0     (-----) [004] .n.1  5859.049703: cpu_idle: state=4294967295 cpu_id=4
   loggerd_write-868   (  835) [007] d..3  5859.049704: sched_wakeup: comm=log_reader pid=16319 prio=120 target_cpu=004
           <...>-796   (  796) [000] d..2  5859.049705: sched_waking: comm=PropertyWatch pid=1290 prio=112 target_cpu=007
          <idle>-0     (-----) [004] d..2  5859.049709: sched_switch: prev_comm=swapper/4 prev_pid=0 prev_prio=120 prev_state=R ==> next_comm=log_reader next_pid=16319 next_prio=120
   loggerd_write-868   (  835) [007] d..1  5859.049729: sched_waking: comm=log_reader pid=16319 prio=120 target_cpu=004
           <...>-796   (  796) [000] d..3  5859.049742: sched_wakeup: comm=PropertyWatch pid=1290 prio=112 target_cpu=004
      log_reader-16319 (  835) [004] d..2  5859.049757: sched_switch: prev_comm=log_reader prev_pid=16319 prev_prio=120 prev_state=S ==> next_comm=PropertyWatch next_pid=1290 next_prio=112
           <...>-1290  ( 1121) [004] d.h3  5859.049762: sched_waking: comm=yuntool pid=16316 prio=120 target_cpu=004
   loggerd_write-868   (  835) [007] d..2  5859.049777: sched_wakeup: comm=log_reader pid=16319 prio=120 target_cpu=004
           <...>-1290  ( 1121) [004] d.h4  5859.049782: sched_wakeup: comm=yuntool pid=16316 prio=120 target_cpu=004
   loggerd_write-868   (  835) [007] d..2  5859.049788: sched_switch: prev_comm=loggerd_write prev_pid=868 prev_prio=120 prev_state=S ==> next_comm=swapper/7 next_pid=0 next_prio=120
          <idle>-0     (-----) [007] d..1  5859.049790: cpu_idle: state=0 cpu_id=7
           <...>-796   (  796) [000] d..2  5859.049829: sched_waking: comm=PropertyWatch pid=2010 prio=94 target_cpu=004
           <...>-796   (  796) [000] dn.3  5859.049854: sched_wakeup: comm=PropertyWatch pid=2010 prio=94 target_cpu=000
           <...>-1290  ( 1121) [004] d..2  5859.049854: sched_switch: prev_comm=PropertyWatch prev_pid=1290 prev_prio=112 prev_state=S ==> next_comm=yuntool next_pid=16316 next_prio=120
           <...>-796   (  796) [000] d..2  5859.049879: sched_switch: prev_comm=propertyd prev_pid=796 prev_prio=120 prev_state=R+ ==> next_comm=PropertyWatch next_pid=2010 next_prio=94
         yuntool-16316 (  692) [004] d..2  5859.049892: sched_switch: prev_comm=yuntool prev_pid=16316 prev_prio=120 prev_state=S ==> next_comm=log_reader next_pid=16319 next_prio=120
           <...>-2010  ( 2006) [000] d..2  5859.049897: sched_switch: prev_comm=PropertyWatch prev_pid=2010 prev_prio=94 prev_state=S ==> next_comm=propertyd next_pid=796 next_prio=120
           <...>-796   (  796) [000] d..2  5859.049925: sched_waking: comm=loggerd_write pid=868 prio=120 target_cpu=007
      log_reader-16319 (  835) [004] d..2  5859.049928: sched_switch: prev_comm=log_reader prev_pid=16319 prev_prio=120 prev_state=S ==> next_comm=swapper/4 next_pid=0 next_prio=120
          <idle>-0     (-----) [004] d..1  5859.049932: cpu_idle: state=0 cpu_id=4
          <idle>-0     (-----) [007] .n.1  5859.049940: cpu_idle: state=4294967295 cpu_id=7
           <...>-796   (  796) [000] d..3  5859.049944: sched_wakeup: comm=loggerd_write pid=868 prio=120 target_cpu=007
          <idle>-0     (-----) [004] d.h2  5859.049945: sched_waking: comm=yuntool pid=16316 prio=120 target_cpu=004
          <idle>-0     (-----) [007] d..2  5859.049948: sched_switch: prev_comm=swapper/7 prev_pid=0 prev_prio=120 prev_state=R ==> next_comm=loggerd_write next_pid=868 next_prio=120
          <idle>-0     (-----) [004] dnh3  5859.049952: sched_wakeup: comm=yuntool pid=16316 prio=120 target_cpu=004
   loggerd_write-868   (  835) [007] d..2  5859.049953: sched_waking: comm=log_reader pid=16319 prio=120 target_cpu=004
          <idle>-0     (-----) [004] .n.1  5859.049957: cpu_idle: state=4294967295 cpu_id=4
   loggerd_write-868   (  835) [007] d..3  5859.049958: sched_wakeup: comm=log_reader pid=16319 prio=120 target_cpu=004
          <idle>-0     (-----) [004] d..2  5859.049961: sched_switch: prev_comm=swapper/4 prev_pid=0 prev_prio=120 prev_state=R ==> next_comm=yuntool next_pid=16316 next_prio=120
   loggerd_write-868   (  835) [007] d..2  5859.049970: sched_switch: prev_comm=loggerd_write prev_pid=868 prev_prio=120 prev_state=S ==> next_comm=swapper/7 next_pid=0 next_prio=120
          <idle>-0     (-----) [007] d..1  5859.049972: cpu_idle: state=0 cpu_id=7
           <...>-796   (  796) [000] d..2  5859.049975: sched_waking: comm=PropertyWatch pid=2010 prio=94 target_cpu=000
           <...>-796   (  796) [000] dn.3  5859.049986: sched_wakeup: comm=PropertyWatch pid=2010 prio=94 target_cpu=000
           <...>-796   (  796) [000] d..2  5859.049995: sched_switch: prev_comm=propertyd prev_pid=796 prev_prio=120 prev_state=R+ ==> next_comm=PropertyWatch next_pid=2010 next_prio=94
         yuntool-16316 (  692) [004] d..2  5859.049999: sched_switch: prev_comm=yuntool prev_pid=16316 prev_prio=120 prev_state=S ==> next_comm=log_reader next_pid=16319 next_prio=120
      log_reader-16319 (  835) [004] d..2  5859.050033: sched_switch: prev_comm=log_reader prev_pid=16319 prev_prio=120 prev_state=S ==> next_comm=swapper/4 next_pid=0 next_prio=120
          <idle>-0     (-----) [004] d..1  5859.050035: cpu_idle: state=0 cpu_id=4
          <idle>-0     (-----) [004] d.h2  5859.050051: sched_waking: comm=yuntool pid=16316 prio=120 target_cpu=004
          <idle>-0     (-----) [004] dnh3  5859.050056: sched_wakeup: comm=yuntool pid=16316 prio=120 target_cpu=004
          <idle>-0     (-----) [004] .n.1  5859.050059: cpu_idle: state=4294967295 cpu_id=4
          <idle>-0     (-----) [004] d..2  5859.050061: sched_switch: prev_comm=swapper/4 prev_pid=0 prev_prio=120 prev_state=R ==> next_comm=yuntool next_pid=16316 next_prio=120
         yuntool-16316 (  692) [004] d..2  5859.050104: sched_switch: prev_comm=yuntool prev_pid=16316 prev_prio=120 prev_state=S ==> next_comm=swapper/4 next_pid=0 next_prio=120
          <idle>-0     (-----) [004] d..1  5859.050108: cpu_idle: state=0 cpu_id=4
          <idle>-0     (-----) [004] d.h2  5859.050150: sched_waking: comm=yuntool pid=16316 prio=120 target_cpu=004
          <idle>-0     (-----) [004] dnh3  5859.050157: sched_wakeup: comm=yuntool pid=16316 prio=120 target_cpu=004
          <idle>-0     (-----) [004] .n.1  5859.050160: cpu_idle: state=4294967295 cpu_id=4
          <idle>-0     (-----) [004] d..2  5859.050163: sched_switch: prev_comm=swapper/4 prev_pid=0 prev_prio=120 prev_state=R ==> next_comm=yuntool next_pid=16316 next_prio=120
         yuntool-16316 (  692) [004] d..2  5859.050192: sched_switch: prev_comm=yuntool prev_pid=16316 prev_prio=120 prev_state=S ==> next_comm=swapper/4 next_pid=0 next_prio=120
          <idle>-0     (-----) [004] d..1  5859.050194: cpu_idle: state=0 cpu_id=4
          <idle>-0     (-----) [004] d.h2  5859.050240: sched_waking: comm=yuntool pid=16316 prio=120 target_cpu=004
          <idle>-0     (-----) [004] dnh3  5859.050245: sched_wakeup: comm=yuntool pid=16316 prio=120 target_cpu=004
          <idle>-0     (-----) [004] .n.1  5859.050248: cpu_idle: state=4294967295 cpu_id=4
          <idle>-0     (-----) [004] d..2  5859.050251: sched_switch: prev_comm=swapper/4 prev_pid=0 prev_prio=120 prev_state=R ==> next_comm=yuntool next_pid=16316 next_prio=120
         yuntool-16316 (  692) [004] d..2  5859.050276: sched_switch: prev_comm=yuntool prev_pid=16316 prev_prio=120 prev_state=S ==> next_comm=swapper/4 next_pid=0 next_prio=120
          <idle>-0     (-----) [004] d..1  5859.050278: cpu_idle: state=0 cpu_id=4
          <idle>-0     (-----) [004] d.h2  5859.050325: sched_waking: comm=yuntool pid=16316 prio=120 target_cpu=004
          <idle>-0     (-----) [004] dnh3  5859.050329: sched_wakeup: comm=yuntool pid=16316 prio=120 target_cpu=004
          <idle>-0     (-----) [004] .n.1  5859.050332: cpu_idle: state=4294967295 cpu_id=4
          <idle>-0     (-----) [004] d..2  5859.050335: sched_switch: prev_comm=swapper/4 prev_pid=0 prev_prio=120 prev_state=R ==> next_comm=yuntool next_pid=16316 next_prio=120
         yuntool-16316 (  692) [004] d..2  5859.050360: sched_switch: prev_comm=yuntool prev_pid=16316 prev_prio=120 prev_state=S ==> next_comm=swapper/4 next_pid=0 next_prio=120
          <idle>-0     (-----) [004] d..1  5859.050362: cpu_idle: state=0 cpu_id=4
          <idle>-0     (-----) [004] d.h2  5859.050409: sched_waking: comm=yuntool pid=16316 prio=120 target_cpu=004
          <idle>-0     (-----) [004] dnh3  5859.050413: sched_wakeup: comm=yuntool pid=16316 prio=120 target_cpu=004
          <idle>-0     (-----) [004] .n.1  5859.050416: cpu_idle: state=4294967295 cpu_id=4
          <idle>-0     (-----) [004] d..2  5859.050419: sched_switch: prev_comm=swapper/4 prev_pid=0 prev_prio=120 prev_state=R ==> next_comm=yuntool next_pid=16316 next_prio=120
         yuntool-16316 (  692) [004] d..2  5859.050444: sched_switch: prev_comm=yuntool prev_pid=16316 prev_prio=120 prev_state=S ==> next_comm=swapper/4 next_pid=0 next_prio=120
          <idle>-0     (-----) [004] d..1  5859.050446: cpu_idle: state=0 cpu_id=4
          <idle>-0     (-----) [004] d.h2  5859.050493: sched_waking: comm=yuntool pid=16316 prio=120 target_cpu=004
          <idle>-0     (-----) [004] dnh3  5859.050497: sched_wakeup: comm=yuntool pid=16316 prio=120 target_cpu=004
          <idle>-0     (-----) [004] .n.1  5859.050500: cpu_idle: state=4294967295 cpu_id=4
