           <...>-2010  ( 2006) [000] d..2  5859.050502: sched_switch: prev_comm=PropertyWatch prev_pid=2010 prev_prio=94 prev_state=S ==> next_comm=propertyd next_pid=796 next_prio=120
          <idle>-0     (-----) [004] d..2  5859.050503: sched_switch: prev_comm=swapper/4 prev_pid=0 prev_prio=120 prev_state=R ==> next_comm=yuntool next_pid=16316 next_prio=120
         yuntool-16316 (  692) [004] d..2  5859.050527: sched_switch: prev_comm=yuntool prev_pid=16316 prev_prio=120 prev_state=S ==> next_comm=swapper/4 next_pid=0 next_prio=120
          <idle>-0     (-----) [004] d..1  5859.050529: cpu_idle: state=0 cpu_id=4
           <...>-796   (  796) [000] d..2  5859.050574: sched_waking: comm=PropertyWatch pid=1674 prio=120 target_cpu=004
          <idle>-0     (-----) [004] d.h2  5859.050577: sched_waking: comm=yuntool pid=16316 prio=120 target_cpu=004
          <idle>-0     (-----) [004] dnh3  5859.050585: sched_wakeup: comm=yuntool pid=16316 prio=120 target_cpu=004
          <idle>-0     (-----) [004] .n.1  5859.050588: cpu_idle: state=4294967295 cpu_id=4
          <idle>-0     (-----) [004] d..2  5859.050600: sched_switch: prev_comm=swapper/4 prev_pid=0 prev_prio=120 prev_state=R ==> next_comm=yuntool next_pid=16316 next_prio=120
          <idle>-0     (-----) [007] .n.1  5859.050607: cpu_idle: state=4294967295 cpu_id=7
           <...>-796   (  796) [000] d..3  5859.050610: sched_wakeup: comm=PropertyWatch pid=1674 prio=120 target_cpu=007
          <idle>-0     (-----) [007] d..2  5859.050613: sched_switch: prev_comm=swapper/7 prev_pid=0 prev_prio=120 prev_state=R ==> next_comm=PropertyWatch next_pid=1674 next_prio=120
         yuntool-16316 (  692) [004] d..2  5859.050639: sched_switch: prev_comm=yuntool prev_pid=16316 prev_prio=120 prev_state=S ==> next_comm=swapper/4 next_pid=0 next_prio=120
          <idle>-0     (-----) [004] d..1  5859.050641: cpu_idle: state=0 cpu_id=4
           <...>-1674  ( 1604) [007] d..2  5859.050641: sched_switch: prev_comm=PropertyWatch prev_pid=1674 prev_prio=120 prev_state=S ==> next_comm=swapper/7 next_pid=0 next_prio=120
          <idle>-0     (-----) [007] d..1  5859.050644: cpu_idle: state=0 cpu_id=7
           <...>-796   (  796) [000] d..2  5859.050662: sched_waking: comm=loggerd_write pid=868 prio=120 target_cpu=007
          <idle>-0     (-----) [004] d.h2  5859.050674: sched_waking: comm=yuntool pid=16316 prio=120 target_cpu=004
          <idle>-0     (-----) [007] .n.1  5859.050677: cpu_idle: state=4294967295 cpu_id=7
          <idle>-0     (-----) [004] dnh3  5859.050678: sched_wakeup: comm=yuntool pid=16316 prio=120 target_cpu=004
           <...>-796   (  796) [000] d..3  5859.050681: sched_wakeup: comm=loggerd_write pid=868 prio=120 target_cpu=007
          <idle>-0     (-----) [004] .n.1  5859.050681: cpu_idle: state=4294967295 cpu_id=4
          <idle>-0     (-----) [004] d..2  5859.050684: sched_switch: prev_comm=swapper/4 prev_pid=0 prev_prio=120 prev_state=R ==> next_comm=yuntool next_pid=16316 next_prio=120
          <idle>-0     (-----) [007] d..2  5859.050684: sched_switch: prev_comm=swapper/7 prev_pid=0 prev_prio=120 prev_state=R ==> next_comm=loggerd_write next_pid=868 next_prio=120
   loggerd_write-868   (  835) [007] d..2  5859.050690: sched_waking: comm=log_reader pid=16319 prio=120 target_cpu=004
   loggerd_write-868   (  835) [007] d..3  5859.050696: sched_wakeup: comm=log_reader pid=16319 prio=120 target_cpu=004
         yuntool-16316 (  692) [004] d..2  5859.050705: sched_switch: prev_comm=yuntool prev_pid=16316 prev_prio=120 prev_state=S ==> next_comm=log_reader next_pid=16319 next_prio=120
   loggerd_write-868   (  835) [007] d..2  5859.050705: sched_switch: prev_comm=loggerd_write prev_pid=868 prev_prio=120 prev_state=S ==> next_comm=swapper/7 next_pid=0 next_prio=120
          <idle>-0     (-----) [007] d..1  5859.050706: cpu_idle: state=0 cpu_id=7
           <...>-796   (  796) [000] d..2  5859.050712: sched_waking: comm=PropertyWatch pid=1674 prio=120 target_cpu=007
          <idle>-0     (-----) [007] .n.1  5859.050726: cpu_idle: state=4294967295 cpu_id=7
           <...>-796   (  796) [000] d..3  5859.050729: sched_wakeup: comm=PropertyWatch pid=1674 prio=120 target_cpu=007
          <idle>-0     (-----) [007] d..2  5859.050733: sched_switch: prev_comm=swapper/7 prev_pid=0 prev_prio=120 prev_state=R ==> next_comm=PropertyWatch next_pid=1674 next_prio=120
      log_reader-16319 (  835) [004] d..2  5859.050740: sched_switch: prev_comm=log_reader prev_pid=16319 prev_prio=120 prev_state=S ==> next_comm=swapper/4 next_pid=0 next_prio=120
          <idle>-0     (-----) [004] d..1  5859.050744: cpu_idle: state=0 cpu_id=4
          <idle>-0     (-----) [004] d.h2  5859.050759: sched_waking: comm=yuntool pid=16316 prio=120 target_cpu=004
          <idle>-0     (-----) [004] dnh3  5859.050766: sched_wakeup: comm=yuntool pid=16316 prio=120 target_cpu=004
          <idle>-0     (-----) [004] .n.1  5859.050769: cpu_idle: state=4294967295 cpu_id=4
          <idle>-0     (-----) [004] d..2  5859.050772: sched_switch: prev_comm=swapper/4 prev_pid=0 prev_prio=120 prev_state=R ==> next_comm=yuntool next_pid=16316 next_prio=120
           <...>-796   (  796) [000] d..2  5859.050795: sched_waking: comm=PropertyWatch pid=1445 prio=120 target_cpu=000
           <...>-1674  ( 1604) [007] d..2  5859.050804: sched_switch: prev_comm=PropertyWatch prev_pid=1674 prev_prio=120 prev_state=S ==> next_comm=swapper/7 next_pid=0 next_prio=120
          <idle>-0     (-----) [007] d..1  5859.050806: cpu_idle: state=0 cpu_id=7
         yuntool-16316 (  692) [004] d..2  5859.050814: sched_switch: prev_comm=yuntool prev_pid=16316 prev_prio=120 prev_state=S ==> next_comm=swapper/4 next_pid=0 next_prio=120
          <idle>-0     (-----) [004] d..1  5859.050818: cpu_idle: state=0 cpu_id=4
          <idle>-0     (-----) [007] .n.1  5859.050825: cpu_idle: state=4294967295 cpu_id=7
           <...>-796   (  796) [000] d..3  5859.050828: sched_wakeup: comm=PropertyWatch pid=1445 prio=120 target_cpu=007
          <idle>-0     (-----) [007] d..2  5859.050832: sched_switch: prev_comm=swapper/7 prev_pid=0 prev_prio=120 prev_state=R ==> next_comm=PropertyWatch next_pid=1445 next_prio=120
           <...>-1445  ( 1441) [007] d..2  5859.050857: sched_switch: prev_comm=PropertyWatch prev_pid=1445 prev_prio=120 prev_state=S ==> next_comm=swapper/7 next_pid=0 next_prio=120
          <idle>-0     (-----) [007] d..1  5859.050859: cpu_idle: state=0 cpu_id=7
          <idle>-0     (-----) [004] d.h2  5859.050860: sched_waking: comm=yuntool pid=16316 prio=120 target_cpu=004
          <idle>-0     (-----) [004] dnh3  5859.050866: sched_wakeup: comm=yuntool pid=16316 prio=120 target_cpu=004
          <idle>-0     (-----) [004] .n.1  5859.050869: cpu_idle: state=4294967295 cpu_id=4
          <idle>-0     (-----) [004] d..2  5859.050872: sched_switch: prev_comm=swapper/4 prev_pid=0 prev_prio=120 prev_state=R ==> next_comm=yuntool next_pid=16316 next_prio=120
           <...>-796   (  796) [000] d..2  5859.050876: sched_waking: comm=loggerd_write pid=868 prio=120 target_cpu=007
          <idle>-0     (-----) [007] .n.1  5859.050891: cpu_idle: state=4294967295 cpu_id=7
           <...>-796   (  796) [000] d..3  5859.050894: sched_wakeup: comm=loggerd_write pid=868 prio=120 target_cpu=007
          <idle>-0     (-----) [007] d..2  5859.050898: sched_switch: prev_comm=swapper/7 prev_pid=0 prev_prio=120 prev_state=R ==> next_comm=loggerd_write next_pid=868 next_prio=120
         yuntool-16316 (  692) [004] d..2  5859.050901: sched_switch: prev_comm=yuntool prev_pid=16316 prev_prio=120 prev_state=S ==> next_comm=swapper/4 next_pid=0 next_prio=120
          <idle>-0     (-----) [004] d..1  5859.050903: cpu_idle: state=0 cpu_id=4
   loggerd_write-868   (  835) [007] d..2  5859.050908: sched_waking: comm=log_reader pid=16319 prio=120 target_cpu=004
          <idle>-0     (-----) [004] .n.1  5859.050916: cpu_idle: state=4294967295 cpu_id=4
   loggerd_write-868   (  835) [007] d..3  5859.050918: sched_wakeup: comm=log_reader pid=16319 prio=120 target_cpu=004
          <idle>-0     (-----) [004] d..2  5859.050924: sched_switch: prev_comm=swapper/4 prev_pid=0 prev_prio=120 prev_state=R ==> next_comm=log_reader next_pid=16319 next_prio=120
           <...>-796   (  796) [000] d..2  5859.050931: sched_waking: comm=PropertyWatch pid=1445 prio=120 target_cpu=007
   loggerd_write-868   (  835) [007] d..2  5859.050939: sched_switch: prev_comm=loggerd_write prev_pid=868 prev_prio=120 prev_state=S ==> next_comm=swapper/7 next_pid=0 next_prio=120
          <idle>-0     (-----) [007] d..1  5859.050941: cpu_idle: state=0 cpu_id=7
          <idle>-0     (-----) [007] .n.1  5859.050947: cpu_idle: state=4294967295 cpu_id=7
      log_reader-16319 (  835) [004] d.h1  5859.050948: sched_waking: comm=yuntool pid=16316 prio=120 target_cpu=004
           <...>-796   (  796) [000] d..3  5859.050950: sched_wakeup: comm=PropertyWatch pid=1445 prio=120 target_cpu=007
          <idle>-0     (-----) [007] d..2  5859.050954: sched_switch: prev_comm=swapper/7 prev_pid=0 prev_prio=120 prev_state=R ==> next_comm=PropertyWatch next_pid=1445 next_prio=120
      log_reader-16319 (  835) [004] d.h2  5859.050964: sched_wakeup: comm=yuntool pid=16316 prio=120 target_cpu=007
           <...>-796   (  796) [000] d.h3  5859.050964: sched_waking: comm=gw pid=900 prio=69 target_cpu=000
           <...>-796   (  796) [000] dnh4  5859.050982: sched_wakeup: comm=gw pid=900 prio=69 target_cpu=000
      log_reader-16319 (  835) [004] d..2  5859.050995: sched_switch: prev_comm=log_reader prev_pid=16319 prev_prio=120 prev_state=S ==> next_comm=swapper/4 next_pid=0 next_prio=120
           <...>-796   (  796) [000] d..2  5859.050995: sched_switch: prev_comm=propertyd prev_pid=796 prev_prio=120 prev_state=R+ ==> next_comm=gw next_pid=900 next_prio=69
          <idle>-0     (-----) [004] d..1  5859.050998: cpu_idle: state=0 cpu_id=4
           <...>-1445  ( 1441) [007] d..2  5859.051009: sched_switch: prev_comm=PropertyWatch prev_pid=1445 prev_prio=120 prev_state=S ==> next_comm=yuntool next_pid=16316 next_prio=120
         yuntool-16316 (  692) [007] d..2  5859.051050: sched_switch: prev_comm=yuntool prev_pid=16316 prev_prio=120 prev_state=S ==> next_comm=swapper/7 next_pid=0 next_prio=120
          <idle>-0     (-----) [007] d..1  5859.051053: cpu_idle: state=0 cpu_id=7
          <idle>-0     (-----) [007] d.h2  5859.051097: sched_waking: comm=yuntool pid=16316 prio=120 target_cpu=007
          <idle>-0     (-----) [007] dnh3  5859.051103: sched_wakeup: comm=yuntool pid=16316 prio=120 target_cpu=007
          <idle>-0     (-----) [007] .n.1  5859.051106: cpu_idle: state=4294967295 cpu_id=7
          <idle>-0     (-----) [007] d..2  5859.051108: sched_switch: prev_comm=swapper/7 prev_pid=0 prev_prio=120 prev_state=R ==> next_comm=yuntool next_pid=16316 next_prio=120
         yuntool-16316 (  692) [007] d..2  5859.051130: sched_switch: prev_comm=yuntool prev_pid=16316 prev_prio=120 prev_state=S ==> next_comm=swapper/7 next_pid=0 next_prio=120
          <idle>-0     (-----) [007] d..1  5859.051132: cpu_idle: state=0 cpu_id=7
          <idle>-0     (-----) [007] d.h2  5859.051180: sched_waking: comm=yuntool pid=16316 prio=120 target_cpu=007
          <idle>-0     (-----) [007] dnh3  5859.051184: sched_wakeup: comm=yuntool pid=16316 prio=120 target_cpu=007
          <idle>-0     (-----) [007] .n.1  5859.051187: cpu_idle: state=4294967295 cpu_id=7
          <idle>-0     (-----) [007] d..2  5859.051189: sched_switch: prev_comm=swapper/7 prev_pid=0 prev_prio=120 prev_state=R ==> next_comm=yuntool next_pid=16316 next_prio=120
              gw-900   (  883) [000] d..2  5859.051191: sched_switch: prev_comm=gw prev_pid=900 prev_prio=69 prev_state=D ==> next_comm=propertyd next_pid=796 next_prio=120
         yuntool-16316 (  692) [007] d..2  5859.051208: sched_switch: prev_comm=yuntool prev_pid=16316 prev_prio=120 prev_state=S ==> next_comm=swapper/7 next_pid=0 next_prio=120
          <idle>-0     (-----) [007] d..1  5859.051210: cpu_idle: state=0 cpu_id=7
           <...>-796   (  796) [000] d.h2  5859.051214: sched_waking: comm=gw pid=900 prio=69 target_cpu=000
           <...>-796   (  796) [000] dnh3  5859.051225: sched_wakeup: comm=gw pid=900 prio=69 target_cpu=000
           <...>-796   (  796) [000] d..2  5859.051234: sched_switch: prev_comm=propertyd prev_pid=796 prev_prio=120 prev_state=R+ ==> next_comm=gw next_pid=900 next_prio=69
              gw-900   (  883) [000] d..3  5859.051244: sched_waking: comm=spi0 pid=330 prio=120 target_cpu=004
          <idle>-0     (-----) [007] d.h2  5859.051259: sched_waking: comm=yuntool pid=16316 prio=120 target_cpu=007
          <idle>-0     (-----) [004] .n.1  5859.051260: cpu_idle: state=4294967295 cpu_id=4
          <idle>-0     (-----) [007] dnh3  5859.051263: sched_wakeup: comm=yuntool pid=16316 prio=120 target_cpu=007
              gw-900   (  883) [000] d..4  5859.051264: sched_wakeup: comm=spi0 pid=330 prio=120 target_cpu=004
          <idle>-0     (-----) [007] .n.1  5859.051266: cpu_idle: state=4294967295 cpu_id=7
          <idle>-0     (-----) [007] d..2  5859.051268: sched_switch: prev_comm=swapper/7 prev_pid=0 prev_prio=120 prev_state=R ==> next_comm=yuntool next_pid=16316 next_prio=120
          <idle>-0     (-----) [004] d..2  5859.051269: sched_switch: prev_comm=swapper/4 prev_pid=0 prev_prio=120 prev_state=R ==> next_comm=spi0 next_pid=330 next_prio=120
            spi0-330   (  330) [004] d..2  5859.051283: sched_switch: prev_comm=spi0 prev_pid=330 prev_prio=120 prev_state=S ==> next_comm=swapper/4 next_pid=0 next_prio=120
          <idle>-0     (-----) [004] d..1  5859.051285: cpu_idle: state=0 cpu_id=4
         yuntool-16316 (  692) [007] d..2  5859.051287: sched_switch: prev_comm=yuntool prev_pid=16316 prev_prio=120 prev_state=S ==> next_comm=swapper/7 next_pid=0 next_prio=120
          <idle>-0     (-----) [007] d..1  5859.051289: cpu_idle: state=0 cpu_id=7
          <idle>-0     (-----) [007] d.h2  5859.051337: sched_waking: comm=yuntool pid=16316 prio=120 target_cpu=007
          <idle>-0     (-----) [007] dnh3  5859.051341: sched_wakeup: comm=yuntool pid=16316 prio=120 target_cpu=007
          <idle>-0     (-----) [007] .n.1  5859.051344: cpu_idle: state=4294967295 cpu_id=7
          <idle>-0     (-----) [007] d..2  5859.051346: sched_switch: prev_comm=swapper/7 prev_pid=0 prev_prio=120 prev_state=R ==> next_comm=yuntool next_pid=16316 next_prio=120
         yuntool-16316 (  692) [007] d..2  5859.051365: sched_switch: prev_comm=yuntool prev_pid=16316 prev_prio=120 prev_state=S ==> next_comm=swapper/7 next_pid=0 next_prio=120
          <idle>-0     (-----) [007] d..1  5859.051366: cpu_idle: state=0 cpu_id=7
              gw-900   (  883) [000] d..2  5859.051385: sched_switch: prev_comm=gw prev_pid=900 prev_prio=69 prev_state=D ==> next_comm=propertyd next_pid=796 next_prio=120
          <idle>-0     (-----) [007] d.h2  5859.051415: sched_waking: comm=yuntool pid=16316 prio=120 target_cpu=007
           <...>-796   (  796) [000] d.h3  5859.051418: sched_waking: comm=gw pid=900 prio=69 target_cpu=000
          <idle>-0     (-----) [007] dnh3  5859.051419: sched_wakeup: comm=yuntool pid=16316 prio=120 target_cpu=007
          <idle>-0     (-----) [007] .n.1  5859.051421: cpu_idle: state=4294967295 cpu_id=7
          <idle>-0     (-----) [007] d..2  5859.051423: sched_switch: prev_comm=swapper/7 prev_pid=0 prev_prio=120 prev_state=R ==> next_comm=yuntool next_pid=16316 next_prio=120
           <...>-796   (  796) [000] dnh4  5859.051429: sched_wakeup: comm=gw pid=900 prio=69 target_cpu=000
           <...>-796   (  796) [000] d..2  5859.051438: sched_switch: prev_comm=propertyd prev_pid=796 prev_prio=120 prev_state=R+ ==> next_comm=gw next_pid=900 next_prio=69
         yuntool-16316 (  692) [007] d..2  5859.051442: sched_switch: prev_comm=yuntool prev_pid=16316 prev_prio=120 prev_state=S ==> next_comm=swapper/7 next_pid=0 next_prio=120
          <idle>-0     (-----) [007] d..1  5859.051444: cpu_idle: state=0 cpu_id=7
              gw-900   (  883) [000] d..3  5859.051445: sched_waking: comm=spi0 pid=330 prio=120 target_cpu=004
          <idle>-0     (-----) [004] .n.1  5859.051457: cpu_idle: state=4294967295 cpu_id=4
              gw-900   (  883) [000] d..4  5859.051460: sched_wakeup: comm=spi0 pid=330 prio=120 target_cpu=004
          <idle>-0     (-----) [004] d..2  5859.051464: sched_switch: prev_comm=swapper/4 prev_pid=0 prev_prio=120 prev_state=R ==> next_comm=spi0 next_pid=330 next_prio=120
            spi0-330   (  330) [004] d..2  5859.051473: sched_switch: prev_comm=spi0 prev_pid=330 prev_prio=120 prev_state=S ==> next_comm=swapper/4 next_pid=0 next_prio=120
          <idle>-0     (-----) [004] d..1  5859.051475: cpu_idle: state=0 cpu_id=4
          <idle>-0     (-----) [007] d.h2  5859.051493: sched_waking: comm=yuntool pid=16316 prio=120 target_cpu=007
          <idle>-0     (-----) [007] dnh3  5859.051497: sched_wakeup: comm=yuntool pid=16316 prio=120 target_cpu=007
              gw-900   (  883) [000] d..2  5859.051498: sched_switch: prev_comm=gw prev_pid=900 prev_prio=69 prev_state=S ==> next_comm=propertyd next_pid=796 next_prio=120
          <idle>-0     (-----) [007] .n.1  5859.051499: cpu_idle: state=4294967295 cpu_id=7
          <idle>-0     (-----) [007] d..2  5859.051501: sched_switch: prev_comm=swapper/7 prev_pid=0 prev_prio=120 prev_state=R ==> next_comm=yuntool next_pid=16316 next_prio=120
         yuntool-16316 (  692) [007] d..2  5859.051520: sched_switch: prev_comm=yuntool prev_pid=16316 prev_prio=120 prev_state=S ==> next_comm=swapper/7 next_pid=0 next_prio=120
          <idle>-0     (-----) [007] d..1  5859.051521: cpu_idle: state=0 cpu_id=7
           <...>-796   (  796) [000] d..2  5859.051541: sched_waking: comm=PropertyWatch pid=1466 prio=110 target_cpu=000
           <...>-796   (  796) [000] d..3  5859.051575: sched_wakeup: comm=PropertyWatch pid=1466 prio=110 target_cpu=007
          <idle>-0     (-----) [007] dnh2  5859.051578: sched_waking: comm=yuntool pid=16316 prio=120 target_cpu=007
          <idle>-0     (-----) [004] .n.1  5859.051598: cpu_idle: state=4294967295 cpu_id=4
          <idle>-0     (-----) [007] dnh3  5859.051599: sched_wakeup: comm=yuntool pid=16316 prio=120 target_cpu=004
          <idle>-0     (-----) [004] d..2  5859.051603: sched_switch: prev_comm=swapper/4 prev_pid=0 prev_prio=120 prev_state=R ==> next_comm=yuntool next_pid=16316 next_prio=120
          <idle>-0     (-----) [007] .n.1  5859.051616: cpu_idle: state=4294967295 cpu_id=7
          <idle>-0     (-----) [007] d..2  5859.051619: sched_switch: prev_comm=swapper/7 prev_pid=0 prev_prio=120 prev_state=R ==> next_comm=PropertyWatch next_pid=1466 next_prio=110
           <...>-796   (  796) [000] d..2  5859.051620: sched_waking: comm=loggerd_write pid=868 prio=120 target_cpu=007
           <...>-796   (  796) [000] d..3  5859.051637: sched_wakeup: comm=loggerd_write pid=868 prio=120 target_cpu=007
           <...>-1466  ( 1443) [007] d..2  5859.051641: sched_switch: prev_comm=PropertyWatch prev_pid=1466 prev_prio=110 prev_state=S ==> next_comm=loggerd_write next_pid=868 next_prio=120
   loggerd_write-868   (  835) [007] d..2  5859.051652: sched_waking: comm=log_reader pid=16319 prio=120 target_cpu=004
         yuntool-16316 (  692) [004] d..2  5859.051653: sched_switch: prev_comm=yuntool prev_pid=16316 prev_prio=120 prev_state=S ==> next_comm=swapper/4 next_pid=0 next_prio=120
          <idle>-0     (-----) [004] d..1  5859.051656: cpu_idle: state=0 cpu_id=4
          <idle>-0     (-----) [004] .n.1  5859.051661: cpu_idle: state=4294967295 cpu_id=4
   loggerd_write-868   (  835) [007] d..3  5859.051663: sched_wakeup: comm=log_reader pid=16319 prio=120 target_cpu=004
          <idle>-0     (-----) [004] d..2  5859.051670: sched_switch: prev_comm=swapper/4 prev_pid=0 prev_prio=120 prev_state=R ==> next_comm=log_reader next_pid=16319 next_prio=120
           <...>-796   (  796) [000] d..2  5859.051670: sched_waking: comm=PropertyWatch pid=1466 prio=110 target_cpu=007
           <...>-796   (  796) [000] d..3  5859.051690: sched_wakeup: comm=PropertyWatch pid=1466 prio=110 target_cpu=007
      log_reader-16319 (  835) [004] d.h1  5859.051695: sched_waking: comm=yuntool pid=16316 prio=120 target_cpu=004
   loggerd_write-868   (  835) [007] d..2  5859.051695: sched_switch: prev_comm=loggerd_write prev_pid=868 prev_prio=120 prev_state=S ==> next_comm=PropertyWatch next_pid=1466 next_prio=110
      log_reader-16319 (  835) [004] d.h2  5859.051709: sched_wakeup: comm=yuntool pid=16316 prio=120 target_cpu=007
           <...>-1466  ( 1443) [007] d..2  5859.051716: sched_switch: prev_comm=PropertyWatch prev_pid=1466 prev_prio=110 prev_state=R+ ==> next_comm=yuntool next_pid=16316 next_prio=120
      log_reader-16319 (  835) [004] d..2  5859.051742: sched_switch: prev_comm=log_reader prev_pid=16319 prev_prio=120 prev_state=S ==> next_comm=swapper/4 next_pid=0 next_prio=120
          <idle>-0     (-----) [004] d..1  5859.051744: cpu_idle: state=0 cpu_id=4
         yuntool-16316 (  692) [007] d..2  5859.051749: sched_switch: prev_comm=yuntool prev_pid=16316 prev_prio=120 prev_state=S ==> next_comm=PropertyWatch next_pid=1466 next_prio=110
           <...>-796   (  796) [000] d..2  5859.051753: sched_waking: comm=PropertyWatch pid=1038 prio=105 target_cpu=007
          <idle>-0     (-----) [004] .n.1  5859.051782: cpu_idle: state=4294967295 cpu_id=4
           <...>-796   (  796) [000] d..3  5859.051784: sched_wakeup: comm=PropertyWatch pid=1038 prio=105 target_cpu=004
          <idle>-0     (-----) [004] d..2  5859.051789: sched_switch: prev_comm=swapper/4 prev_pid=0 prev_prio=120 prev_state=R ==> next_comm=PropertyWatch next_pid=1038 next_prio=105
           <...>-1466  ( 1443) [007] d.h1  5859.051801: sched_waking: comm=yuntool pid=16316 prio=120 target_cpu=007
           <...>-1466  ( 1443) [007] dnh2  5859.051817: sched_wakeup: comm=yuntool pid=16316 prio=120 target_cpu=007
           <...>-1038  (  598) [004] d..2  5859.051818: sched_switch: prev_comm=PropertyWatch prev_pid=1038 prev_prio=105 prev_state=S ==> next_comm=swapper/4 next_pid=0 next_prio=120
          <idle>-0     (-----) [004] d..1  5859.051821: cpu_idle: state=0 cpu_id=4
           <...>-1466  ( 1443) [007] d..2  5859.051821: sched_switch: prev_comm=PropertyWatch prev_pid=1466 prev_prio=110 prev_state=R+ ==> next_comm=yuntool next_pid=16316 next_prio=120
           <...>-796   (  796) [000] d..2  5859.051837: sched_waking: comm=loggerd_write pid=868 prio=120 target_cpu=007
          <idle>-0     (-----) [004] .n.1  5859.051867: cpu_idle: state=4294967295 cpu_id=4
         yuntool-16316 (  692) [007] d..2  5859.051869: sched_switch: prev_comm=yuntool prev_pid=16316 prev_prio=120 prev_state=S ==> next_comm=PropertyWatch next_pid=1466 next_prio=110
           <...>-796   (  796) [000] d..3  5859.051870: sched_wakeup: comm=loggerd_write pid=868 prio=120 target_cpu=004
          <idle>-0     (-----) [004] d..2  5859.051874: sched_switch: prev_comm=swapper/4 prev_pid=0 prev_prio=120 prev_state=R ==> next_comm=loggerd_write next_pid=868 next_prio=120
   loggerd_write-868   (  835) [004] d..2  5859.051886: sched_waking: comm=log_reader pid=16319 prio=120 target_cpu=004
           <...>-796   (  796) [000] d.h3  5859.051894: sched_waking: comm=gw pid=900 prio=69 target_cpu=000
           <...>-796   (  796) [000] dnh4  5859.051904: sched_wakeup: comm=gw pid=900 prio=69 target_cpu=000
           <...>-1466  ( 1443) [007] d..2  5859.051908: sched_switch: prev_comm=PropertyWatch prev_pid=1466 prev_prio=110 prev_state=S ==> next_comm=swapper/7 next_pid=0 next_prio=120
          <idle>-0     (-----) [007] d..1  5859.051911: cpu_idle: state=0 cpu_id=7
          <idle>-0     (-----) [007] .n.1  5859.051912: cpu_idle: state=4294967295 cpu_id=7
   loggerd_write-868   (  835) [004] d..3  5859.051913: sched_wakeup: comm=log_reader pid=16319 prio=120 target_cpu=007
           <...>-796   (  796) [000] d..2  5859.051914: sched_switch: prev_comm=propertyd prev_pid=796 prev_prio=120 prev_state=R+ ==> next_comm=gw next_pid=900 next_prio=69
          <idle>-0     (-----) [007] d..2  5859.051921: sched_switch: prev_comm=swapper/7 prev_pid=0 prev_prio=120 prev_state=R ==> next_comm=log_reader next_pid=16319 next_prio=120
      log_reader-16319 (  835) [007] d.h3  5859.051925: sched_waking: comm=yuntool pid=16316 prio=120 target_cpu=007
      log_reader-16319 (  835) [007] dnh4  5859.051937: sched_wakeup: comm=yuntool pid=16316 prio=120 target_cpu=007
      log_reader-16319 (  835) [007] d..2  5859.051942: sched_switch: prev_comm=log_reader prev_pid=16319 prev_prio=120 prev_state=R ==> next_comm=yuntool next_pid=16316 next_prio=120
   loggerd_write-868   (  835) [004] d..2  5859.051945: sched_switch: prev_comm=loggerd_write prev_pid=868 prev_prio=120 prev_state=S ==> next_comm=swapper/4 next_pid=0 next_prio=120
          <idle>-0     (-----) [004] d..1  5859.051948: cpu_idle: state=0 cpu_id=4
         yuntool-16316 (  692) [007] d..2  5859.051972: sched_switch: prev_comm=yuntool prev_pid=16316 prev_prio=120 prev_state=S ==> next_comm=log_reader next_pid=16319 next_prio=120
      log_reader-16319 (  835) [007] d..2  5859.052005: sched_switch: prev_comm=log_reader prev_pid=16319 prev_prio=120 prev_state=S ==> next_comm=swapper/7 next_pid=0 next_prio=120
          <idle>-0     (-----) [007] d..1  5859.052007: cpu_idle: state=0 cpu_id=7
          <idle>-0     (-----) [007] d.h2  5859.052026: sched_waking: comm=yuntool pid=16316 prio=120 target_cpu=007
          <idle>-0     (-----) [007] dnh3  5859.052032: sched_wakeup: comm=yuntool pid=16316 prio=120 target_cpu=007
          <idle>-0     (-----) [007] .n.1  5859.052035: cpu_idle: state=4294967295 cpu_id=7
          <idle>-0     (-----) [007] d..2  5859.052038: sched_switch: prev_comm=swapper/7 prev_pid=0 prev_prio=120 prev_state=R ==> next_comm=yuntool next_pid=16316 next_prio=120
              gw-900   (  883) [000] d..2  5859.052053: sched_switch: prev_comm=gw prev_pid=900 prev_prio=69 prev_state=D ==> next_comm=propertyd next_pid=796 next_prio=120
         yuntool-16316 (  692) [007] d..2  5859.052074: sched_switch: prev_comm=yuntool prev_pid=16316 prev_prio=120 prev_state=S ==> next_comm=swapper/7 next_pid=0 next_prio=120
          <idle>-0     (-----) [007] d..1  5859.052077: cpu_idle: state=0 cpu_id=7
           <...>-796   (  796) [000] d..2  5859.052084: sched_waking: comm=PropertyWatch pid=1038 prio=105 target_cpu=004
          <idle>-0     (-----) [004] .n.1  5859.052103: cpu_idle: state=4294967295 cpu_id=4
           <...>-796   (  796) [000] d..3  5859.052107: sched_wakeup: comm=PropertyWatch pid=1038 prio=105 target_cpu=004
          <idle>-0     (-----) [004] d..2  5859.052111: sched_switch: prev_comm=swapper/4 prev_pid=0 prev_prio=120 prev_state=R ==> next_comm=PropertyWatch next_pid=1038 next_prio=105
           <...>-796   (  796) [000] d.h3  5859.052121: sched_waking: comm=gw pid=900 prio=69 target_cpu=000
          <idle>-0     (-----) [007] d.h2  5859.052122: sched_waking: comm=yuntool pid=16316 prio=120 target_cpu=007
          <idle>-0     (-----) [007] dnh3  5859.052128: sched_wakeup: comm=yuntool pid=16316 prio=120 target_cpu=007
           <...>-796   (  796) [000] dnh4  5859.052131: sched_wakeup: comm=gw pid=900 prio=69 target_cpu=000
          <idle>-0     (-----) [007] .n.1  5859.052131: cpu_idle: state=4294967295 cpu_id=7
          <idle>-0     (-----) [007] d..2  5859.052133: sched_switch: prev_comm=swapper/7 prev_pid=0 prev_prio=120 prev_state=R ==> next_comm=yuntool next_pid=16316 next_prio=120
           <...>-796   (  796) [000] d..2  5859.052140: sched_switch: prev_comm=propertyd prev_pid=796 prev_prio=120 prev_state=R+ ==> next_comm=gw next_pid=900 next_prio=69
              gw-900   (  883) [000] d..3  5859.052148: sched_waking: comm=spi0 pid=330 prio=120 target_cpu=004
         yuntool-16316 (  692) [007] d..2  5859.052156: sched_switch: prev_comm=yuntool prev_pid=16316 prev_prio=120 prev_state=S ==> next_comm=swapper/7 next_pid=0 next_prio=120
          <idle>-0     (-----) [007] d..1  5859.052157: cpu_idle: state=0 cpu_id=7
          <idle>-0     (-----) [007] .n.1  5859.052170: cpu_idle: state=4294967295 cpu_id=7
              gw-900   (  883) [000] d..4  5859.052173: sched_wakeup: comm=spi0 pid=330 prio=120 target_cpu=007
          <idle>-0     (-----) [007] d..2  5859.052177: sched_switch: prev_comm=swapper/7 prev_pid=0 prev_prio=120 prev_state=R ==> next_comm=spi0 next_pid=330 next_prio=120
            spi0-330   (  330) [007] d..2  5859.052197: sched_switch: prev_comm=spi0 prev_pid=330 prev_prio=120 prev_state=S ==> next_comm=swapper/7 next_pid=0 next_prio=120
          <idle>-0     (-----) [007] d..1  5859.052199: cpu_idle: state=0 cpu_id=7
          <idle>-0     (-----) [007] d.h2  5859.052205: sched_waking: comm=yuntool pid=16316 prio=120 target_cpu=007
          <idle>-0     (-----) [007] dnh3  5859.052210: sched_wakeup: comm=yuntool pid=16316 prio=120 target_cpu=007
          <idle>-0     (-----) [007] .n.1  5859.052212: cpu_idle: state=4294967295 cpu_id=7
          <idle>-0     (-----) [007] d..2  5859.052214: sched_switch: prev_comm=swapper/7 prev_pid=0 prev_prio=120 prev_state=R ==> next_comm=yuntool next_pid=16316 next_prio=120
              gw-900   (  883) [000] d..2  5859.052233: sched_switch: prev_comm=gw prev_pid=900 prev_prio=69 prev_state=S ==> next_comm=propertyd next_pid=796 next_prio=120
         yuntool-16316 (  692) [007] d..2  5859.052235: sched_switch: prev_comm=yuntool prev_pid=16316 prev_prio=120 prev_state=S ==> next_comm=swapper/7 next_pid=0 next_prio=120
          <idle>-0     (-----) [007] d..1  5859.052236: cpu_idle: state=0 cpu_id=7
           <...>-1038  (  598) [004] d..2  5859.052248: sched_switch: prev_comm=PropertyWatch prev_pid=1038 prev_prio=105 prev_state=S ==> next_comm=swapper/4 next_pid=0 next_prio=120
          <idle>-0     (-----) [004] d..1  5859.052251: cpu_idle: state=0 cpu_id=4
          <idle>-0     (-----) [007] d.h2  5859.052286: sched_waking: comm=yuntool pid=16316 prio=120 target_cpu=007
          <idle>-0     (-----) [007] dnh3  5859.052290: sched_wakeup: comm=yuntool pid=16316 prio=120 target_cpu=007
          <idle>-0     (-----) [007] .n.1  5859.052292: cpu_idle: state=4294967295 cpu_id=7
          <idle>-0     (-----) [007] d..2  5859.052294: sched_switch: prev_comm=swapper/7 prev_pid=0 prev_prio=120 prev_state=R ==> next_comm=yuntool next_pid=16316 next_prio=120
           <...>-796   (  796) [000] d..2  5859.052305: sched_waking: comm=PropertyWatch pid=872 prio=120 target_cpu=004
         yuntool-16316 (  692) [007] d..2  5859.052313: sched_switch: prev_comm=yuntool prev_pid=16316 prev_prio=120 prev_state=S ==> next_comm=swapper/7 next_pid=0 next_prio=120
          <idle>-0     (-----) [007] d..1  5859.052314: cpu_idle: state=0 cpu_id=7
          <idle>-0     (-----) [004] .n.1  5859.052324: cpu_idle: state=4294967295 cpu_id=4
           <...>-796   (  796) [000] d..3  5859.052328: sched_wakeup: comm=PropertyWatch pid=872 prio=120 target_cpu=004
          <idle>-0     (-----) [004] d..2  5859.052334: sched_switch: prev_comm=swapper/4 prev_pid=0 prev_prio=120 prev_state=R ==> next_comm=PropertyWatch next_pid=872 next_prio=120
           <...>-872   (  796) [004] d..2  5859.052350: sched_switch: prev_comm=PropertyWatch prev_pid=872 prev_prio=120 prev_state=S ==> next_comm=swapper/4 next_pid=0 next_prio=120
          <idle>-0     (-----) [004] d..1  5859.052354: cpu_idle: state=0 cpu_id=4
          <idle>-0     (-----) [007] d.h2  5859.052364: sched_waking: comm=yuntool pid=16316 prio=120 target_cpu=007
           <...>-796   (  796) [000] d..2  5859.052365: sched_waking: comm=loggerd_write pid=868 prio=120 target_cpu=004
          <idle>-0     (-----) [004] d.h4  5859.052365: sched_waking: comm=amfm pid=1191 prio=120 target_cpu=004
          <idle>-0     (-----) [007] dnh3  5859.052368: sched_wakeup: comm=yuntool pid=16316 prio=120 target_cpu=007
          <idle>-0     (-----) [007] .n.1  5859.052370: cpu_idle: state=4294967295 cpu_id=7
          <idle>-0     (-----) [007] d..2  5859.052372: sched_switch: prev_comm=swapper/7 prev_pid=0 prev_prio=120 prev_state=R ==> next_comm=yuntool next_pid=16316 next_prio=120
          <idle>-0     (-----) [004] dnh5  5859.052373: sched_wakeup: comm=amfm pid=1191 prio=120 target_cpu=004
          <idle>-0     (-----) [004] .n.1  5859.052377: cpu_idle: state=4294967295 cpu_id=4
          <idle>-0     (-----) [004] d..2  5859.052389: sched_switch: prev_comm=swapper/4 prev_pid=0 prev_prio=120 prev_state=R ==> next_comm=amfm next_pid=1191 next_prio=120
           <...>-796   (  796) [000] d..3  5859.052395: sched_wakeup: comm=loggerd_write pid=868 prio=120 target_cpu=007
            amfm-1191  ( 1174) [004] d..1  5859.052401: sched_waking: comm=amfm pid=1199 prio=120 target_cpu=007
         yuntool-16316 (  692) [007] d..2  5859.052402: sched_switch: prev_comm=yuntool prev_pid=16316 prev_prio=120 prev_state=S ==> next_comm=loggerd_write next_pid=868 next_prio=120
   loggerd_write-868   (  835) [007] d..2  5859.052412: sched_waking: comm=log_reader pid=16319 prio=120 target_cpu=007
            amfm-1191  ( 1174) [004] d..2  5859.052433: sched_wakeup: comm=amfm pid=1199 prio=120 target_cpu=004
   loggerd_write-868   (  835) [007] d..3  5859.052437: sched_wakeup: comm=log_reader pid=16319 prio=120 target_cpu=004
           <...>-796   (  796) [000] d..2  5859.052445: sched_waking: comm=PropertyWatch pid=872 prio=120 target_cpu=004
   loggerd_write-868   (  835) [007] d.h2  5859.052449: sched_waking: comm=yuntool pid=16316 prio=120 target_cpu=007
            amfm-1191  ( 1174) [004] d..2  5859.052462: sched_switch: prev_comm=amfm prev_pid=1191 prev_prio=120 prev_state=S ==> next_comm=amfm next_pid=1199 next_prio=120
           <...>-796   (  796) [000] d..3  5859.052470: sched_wakeup: comm=PropertyWatch pid=872 prio=120 target_cpu=004
   loggerd_write-868   (  835) [007] d.h3  5859.052473: sched_wakeup: comm=yuntool pid=16316 prio=120 target_cpu=004
            amfm-1199  ( 1174) [004] d..2  5859.052478: sched_switch: prev_comm=amfm prev_pid=1199 prev_prio=120 prev_state=S ==> next_comm=PropertyWatch next_pid=872 next_prio=120
   loggerd_write-868   (  835) [007] d..2  5859.052500: sched_switch: prev_comm=loggerd_write prev_pid=868 prev_prio=120 prev_state=S ==> next_comm=swapper/7 next_pid=0 next_prio=120
          <idle>-0     (-----) [007] d..1  5859.052503: cpu_idle: state=0 cpu_id=7
           <...>-796   (  796) [000] d..2  5859.052532: sched_waking: comm=PropertyWatch pid=1036 prio=120 target_cpu=007
           <...>-872   (  796) [004] d..2  5859.052546: sched_switch: prev_comm=PropertyWatch prev_pid=872 prev_prio=120 prev_state=S ==> next_comm=yuntool next_pid=16316 next_prio=120
          <idle>-0     (-----) [007] .n.1  5859.052550: cpu_idle: state=4294967295 cpu_id=7
           <...>-796   (  796) [000] d..3  5859.052554: sched_wakeup: comm=PropertyWatch pid=1036 prio=120 target_cpu=007
          <idle>-0     (-----) [007] d..2  5859.052558: sched_switch: prev_comm=swapper/7 prev_pid=0 prev_prio=120 prev_state=R ==> next_comm=PropertyWatch next_pid=1036 next_prio=120
           <...>-1036  (  864) [007] d..2  5859.052572: sched_switch: prev_comm=PropertyWatch prev_pid=1036 prev_prio=120 prev_state=S ==> next_comm=swapper/7 next_pid=0 next_prio=120
          <idle>-0     (-----) [007] d..1  5859.052574: cpu_idle: state=0 cpu_id=7
           <...>-796   (  796) [000] d..2  5859.052587: sched_waking: comm=loggerd_write pid=868 prio=120 target_cpu=007
         yuntool-16316 (  692) [004] d..2  5859.052588: sched_switch: prev_comm=yuntool prev_pid=16316 prev_prio=120 prev_state=S ==> next_comm=log_reader next_pid=16319 next_prio=120
          <idle>-0     (-----) [007] .n.1  5859.052602: cpu_idle: state=4294967295 cpu_id=7
           <...>-796   (  796) [000] d..3  5859.052605: sched_wakeup: comm=loggerd_write pid=868 prio=120 target_cpu=007
          <idle>-0     (-----) [007] d..2  5859.052609: sched_switch: prev_comm=swapper/7 prev_pid=0 prev_prio=120 prev_state=R ==> next_comm=loggerd_write next_pid=868 next_prio=120
   loggerd_write-868   (  835) [007] d..2  5859.052617: sched_waking: comm=log_reader pid=16319 prio=120 target_cpu=004
      log_reader-16319 (  835) [004] d..2  5859.052629: sched_switch: prev_comm=log_reader prev_pid=16319 prev_prio=120 prev_state=S ==> next_comm=swapper/4 next_pid=0 next_prio=120
           <...>-796   (  796) [000] d..2  5859.052634: sched_waking: comm=PropertyWatch pid=1036 prio=120 target_cpu=007
          <idle>-0     (-----) [004] dn.1  5859.052636: cpu_idle: state=0 cpu_id=4
   loggerd_write-868   (  835) [007] d..3  5859.052637: sched_wakeup: comm=log_reader pid=16319 prio=120 target_cpu=004
          <idle>-0     (-----) [004] dnh2  5859.052644: sched_waking: comm=yuntool pid=16316 prio=120 target_cpu=004
           <...>-796   (  796) [000] d..3  5859.052655: sched_wakeup: comm=PropertyWatch pid=1036 prio=120 target_cpu=007
   loggerd_write-868   (  835) [007] d..2  5859.052659: sched_switch: prev_comm=loggerd_write prev_pid=868 prev_prio=120 prev_state=S ==> next_comm=PropertyWatch next_pid=1036 next_prio=120
          <idle>-0     (-----) [004] dnh3  5859.052669: sched_wakeup: comm=yuntool pid=16316 prio=120 target_cpu=007
          <idle>-0     (-----) [004] .n.1  5859.052682: cpu_idle: state=4294967295 cpu_id=4
          <idle>-0     (-----) [004] d..2  5859.052686: sched_switch: prev_comm=swapper/4 prev_pid=0 prev_prio=120 prev_state=R ==> next_comm=log_reader next_pid=16319 next_prio=120
      log_reader-16319 (  835) [004] d..2  5859.052711: sched_switch: prev_comm=log_reader prev_pid=16319 prev_prio=120 prev_state=S ==> next_comm=swapper/4 next_pid=0 next_prio=120
          <idle>-0     (-----) [004] d..1  5859.052713: cpu_idle: state=0 cpu_id=4
           <...>-796   (  796) [000] d..2  5859.052719: sched_waking: comm=PropertyWatch pid=1017 prio=112 target_cpu=007
          <idle>-0     (-----) [004] .n.1  5859.052749: cpu_idle: state=4294967295 cpu_id=4
           <...>-796   (  796) [000] d..3  5859.052751: sched_wakeup: comm=PropertyWatch pid=1017 prio=112 target_cpu=004
          <idle>-0     (-----) [004] d..2  5859.052756: sched_switch: prev_comm=swapper/4 prev_pid=0 prev_prio=120 prev_state=R ==> next_comm=PropertyWatch next_pid=1017 next_prio=112
           <...>-1036  (  864) [007] d..2  5859.052782: sched_switch: prev_comm=PropertyWatch prev_pid=1036 prev_prio=120 prev_state=S ==> next_comm=yuntool next_pid=16316 next_prio=120
           <...>-1017  (  797) [004] d..2  5859.052784: sched_switch: prev_comm=PropertyWatch prev_pid=1017 prev_prio=112 prev_state=S ==> next_comm=swapper/4 next_pid=0 next_prio=120
          <idle>-0     (-----) [004] d..1  5859.052788: cpu_idle: state=0 cpu_id=4
           <...>-796   (  796) [000] d..2  5859.052802: sched_waking: comm=loggerd_write pid=868 prio=120 target_cpu=007
         yuntool-16316 (  692) [007] d..2  5859.052830: sched_switch: prev_comm=yuntool prev_pid=16316 prev_prio=120 prev_state=S ==> next_comm=swapper/7 next_pid=0 next_prio=120
          <idle>-0     (-----) [007] d..1  5859.052834: cpu_idle: state=0 cpu_id=7
          <idle>-0     (-----) [004] .n.1  5859.052834: cpu_idle: state=4294967295 cpu_id=4
           <...>-796   (  796) [000] d..3  5859.052837: sched_wakeup: comm=loggerd_write pid=868 prio=120 target_cpu=004
          <idle>-0     (-----) [004] d..2  5859.052842: sched_switch: prev_comm=swapper/4 prev_pid=0 prev_prio=120 prev_state=R ==> next_comm=loggerd_write next_pid=868 next_prio=120
   loggerd_write-868   (  835) [004] d..2  5859.052853: sched_waking: comm=log_reader pid=16319 prio=120 target_cpu=004
   loggerd_write-868   (  835) [004] d..3  5859.052870: sched_wakeup: comm=log_reader pid=16319 prio=120 target_cpu=007
          <idle>-0     (-----) [007] dnh2  5859.052875: sched_waking: comm=yuntool pid=16316 prio=120 target_cpu=007
           <...>-796   (  796) [000] d..2  5859.052883: sched_waking: comm=PropertyWatch pid=1017 prio=112 target_cpu=004
          <idle>-0     (-----) [007] dnh3  5859.052888: sched_wakeup: comm=yuntool pid=16316 prio=120 target_cpu=007
          <idle>-0     (-----) [007] .n.1  5859.052891: cpu_idle: state=4294967295 cpu_id=7
          <idle>-0     (-----) [007] d..2  5859.052894: sched_switch: prev_comm=swapper/7 prev_pid=0 prev_prio=120 prev_state=R ==> next_comm=yuntool next_pid=16316 next_prio=120
   loggerd_write-868   (  835) [004] d..2  5859.052905: sched_switch: prev_comm=loggerd_write prev_pid=868 prev_prio=120 prev_state=S ==> next_comm=swapper/4 next_pid=0 next_prio=120
          <idle>-0     (-----) [004] d..1  5859.052908: cpu_idle: state=0 cpu_id=4
           <...>-796   (  796) [000] d..3  5859.052911: sched_wakeup: comm=PropertyWatch pid=1017 prio=112 target_cpu=007
         yuntool-16316 (  692) [007] d..2  5859.052916: sched_switch: prev_comm=yuntool prev_pid=16316 prev_prio=120 prev_state=S ==> next_comm=PropertyWatch next_pid=1017 next_prio=112
           <...>-1017  (  797) [007] d.h1  5859.052967: sched_waking: comm=yuntool pid=16316 prio=120 target_cpu=007
          <idle>-0     (-----) [004] .n.1  5859.052980: cpu_idle: state=4294967295 cpu_id=4
           <...>-1017  (  797) [007] d.h2  5859.052981: sched_wakeup: comm=yuntool pid=16316 prio=120 target_cpu=004
          <idle>-0     (-----) [004] d..2  5859.052986: sched_switch: prev_comm=swapper/4 prev_pid=0 prev_prio=120 prev_state=R ==> next_comm=yuntool next_pid=16316 next_prio=120
           <...>-796   (  796) [000] d..2  5859.052997: sched_waking: comm=PropertyWatch pid=1740 prio=120 target_cpu=000
           <...>-796   (  796) [000] d..3  5859.053028: sched_wakeup: comm=PropertyWatch pid=1740 prio=120 target_cpu=007
         yuntool-16316 (  692) [004] d..2  5859.053047: sched_switch: prev_comm=yuntool prev_pid=16316 prev_prio=120 prev_state=S ==> next_comm=swapper/4 next_pid=0 next_prio=120
          <idle>-0     (-----) [004] d..1  5859.053050: cpu_idle: state=0 cpu_id=4
           <...>-1017  (  797) [007] d..2  5859.053063: sched_switch: prev_comm=PropertyWatch prev_pid=1017 prev_prio=112 prev_state=S ==> next_comm=PropertyWatch next_pid=1740 next_prio=120
           <...>-796   (  796) [000] d..2  5859.053070: sched_waking: comm=loggerd_write pid=868 prio=120 target_cpu=004
           <...>-1740  ( 1735) [007] d..2  5859.053073: sched_switch: prev_comm=PropertyWatch prev_pid=1740 prev_prio=120 prev_state=S ==> next_comm=log_reader next_pid=16319 next_prio=120
           <...>-796   (  796) [000] d..3  5859.053087: sched_wakeup: comm=loggerd_write pid=868 prio=120 target_cpu=004
          <idle>-0     (-----) [004] dnh2  5859.053092: sched_waking: comm=yuntool pid=16316 prio=120 target_cpu=004
      log_reader-16319 (  835) [007] d..2  5859.053115: sched_switch: prev_comm=log_reader prev_pid=16319 prev_prio=120 prev_state=S ==> next_comm=swapper/7 next_pid=0 next_prio=120
           <...>-796   (  796) [000] d..2  5859.053117: sched_waking: comm=PropertyWatch pid=1740 prio=120 target_cpu=007
          <idle>-0     (-----) [007] d..1  5859.053119: cpu_idle: state=0 cpu_id=7
          <idle>-0     (-----) [007] .n.1  5859.053120: cpu_idle: state=4294967295 cpu_id=7
          <idle>-0     (-----) [004] dnh3  5859.053122: sched_wakeup: comm=yuntool pid=16316 prio=120 target_cpu=007
          <idle>-0     (-----) [007] d..2  5859.053128: sched_switch: prev_comm=swapper/7 prev_pid=0 prev_prio=120 prev_state=R ==> next_comm=yuntool next_pid=16316 next_prio=120
           <...>-796   (  796) [000] d..3  5859.053136: sched_wakeup: comm=PropertyWatch pid=1740 prio=120 target_cpu=007
          <idle>-0     (-----) [004] .n.1  5859.053145: cpu_idle: state=4294967295 cpu_id=4
          <idle>-0     (-----) [004] d..2  5859.053149: sched_switch: prev_comm=swapper/4 prev_pid=0 prev_prio=120 prev_state=R ==> next_comm=loggerd_write next_pid=868 next_prio=120
   loggerd_write-868   (  835) [004] d..2  5859.053161: sched_waking: comm=log_reader pid=16319 prio=120 target_cpu=007
         yuntool-16316 (  692) [007] d..2  5859.053162: sched_switch: prev_comm=yuntool prev_pid=16316 prev_prio=120 prev_state=S ==> next_comm=PropertyWatch next_pid=1740 next_prio=120
   loggerd_write-868   (  835) [004] d..3  5859.053173: sched_wakeup: comm=log_reader pid=16319 prio=120 target_cpu=007
   loggerd_write-868   (  835) [004] d..2  5859.053190: sched_switch: prev_comm=loggerd_write prev_pid=868 prev_prio=120 prev_state=S ==> next_comm=swapper/4 next_pid=0 next_prio=120
          <idle>-0     (-----) [004] d..1  5859.053193: cpu_idle: state=0 cpu_id=4
           <...>-796   (  796) [000] d..2  5859.053202: sched_waking: comm=PropertyWatch pid=1942 prio=120 target_cpu=004
           <...>-1740  ( 1735) [007] d.h1  5859.053215: sched_waking: comm=yuntool pid=16316 prio=120 target_cpu=007
          <idle>-0     (-----) [004] .n.1  5859.053222: cpu_idle: state=4294967295 cpu_id=4
           <...>-796   (  796) [000] d..3  5859.053225: sched_wakeup: comm=PropertyWatch pid=1942 prio=120 target_cpu=004
          <idle>-0     (-----) [004] d..2  5859.053234: sched_switch: prev_comm=swapper/4 prev_pid=0 prev_prio=120 prev_state=R ==> next_comm=PropertyWatch next_pid=1942 next_prio=120
           <...>-1740  ( 1735) [007] d.h2  5859.053241: sched_wakeup: comm=yuntool pid=16316 prio=120 target_cpu=004
           <...>-1942  ( 1783) [004] d..2  5859.053248: sched_switch: prev_comm=PropertyWatch prev_pid=1942 prev_prio=120 prev_state=S ==> next_comm=yuntool next_pid=16316 next_prio=120
           <...>-796   (  796) [000] d..2  5859.053262: sched_waking: comm=loggerd_write pid=868 prio=120 target_cpu=004
           <...>-1740  ( 1735) [007] d..2  5859.053275: sched_switch: prev_comm=PropertyWatch prev_pid=1740 prev_prio=120 prev_state=S ==> next_comm=log_reader next_pid=16319 next_prio=120
           <...>-796   (  796) [000] d..3  5859.053294: sched_wakeup: comm=loggerd_write pid=868 prio=120 target_cpu=007
      log_reader-16319 (  835) [007] d..2  5859.053301: sched_switch: prev_comm=log_reader prev_pid=16319 prev_prio=120 prev_state=S ==> next_comm=loggerd_write next_pid=868 next_prio=120
   loggerd_write-868   (  835) [007] d..2  5859.053310: sched_waking: comm=log_reader pid=16319 prio=120 target_cpu=007
         yuntool-16316 (  692) [004] d..2  5859.053318: sched_switch: prev_comm=yuntool prev_pid=16316 prev_prio=120 prev_state=S ==> next_comm=swapper/4 next_pid=0 next_prio=120
          <idle>-0     (-----) [004] d..1  5859.053322: cpu_idle: state=0 cpu_id=4
          <idle>-0     (-----) [004] .n.1  5859.053327: cpu_idle: state=4294967295 cpu_id=4
   loggerd_write-868   (  835) [007] d..3  5859.053329: sched_wakeup: comm=log_reader pid=16319 prio=120 target_cpu=004
          <idle>-0     (-----) [004] d..2  5859.053338: sched_switch: prev_comm=swapper/4 prev_pid=0 prev_prio=120 prev_state=R ==> next_comm=log_reader next_pid=16319 next_prio=120
      log_reader-16319 (  835) [004] d.h3  5859.053343: sched_waking: comm=yuntool pid=16316 prio=120 target_cpu=004
           <...>-796   (  796) [000] d..2  5859.053343: sched_waking: comm=PropertyWatch pid=1942 prio=120 target_cpu=004
      log_reader-16319 (  835) [004] dnh4  5859.053357: sched_wakeup: comm=yuntool pid=16316 prio=120 target_cpu=004
   loggerd_write-868   (  835) [007] d..2  5859.053369: sched_switch: prev_comm=loggerd_write prev_pid=868 prev_prio=120 prev_state=S ==> next_comm=swapper/7 next_pid=0 next_prio=120
      log_reader-16319 (  835) [004] d..2  5859.053372: sched_switch: prev_comm=log_reader prev_pid=16319 prev_prio=120 prev_state=R ==> next_comm=yuntool next_pid=16316 next_prio=120
          <idle>-0     (-----) [007] d..1  5859.053372: cpu_idle: state=0 cpu_id=7
          <idle>-0     (-----) [007] .n.1  5859.053378: cpu_idle: state=4294967295 cpu_id=7
           <...>-796   (  796) [000] d..3  5859.053381: sched_wakeup: comm=PropertyWatch pid=1942 prio=120 target_cpu=007
          <idle>-0     (-----) [007] d..2  5859.053385: sched_switch: prev_comm=swapper/7 prev_pid=0 prev_prio=120 prev_state=R ==> next_comm=PropertyWatch next_pid=1942 next_prio=120
         yuntool-16316 (  692) [004] d..2  5859.053423: sched_switch: prev_comm=yuntool prev_pid=16316 prev_prio=120 prev_state=S ==> next_comm=log_reader next_pid=16319 next_prio=120
      log_reader-16319 (  835) [004] d..2  5859.053464: sched_switch: prev_comm=log_reader prev_pid=16319 prev_prio=120 prev_state=S ==> next_comm=swapper/4 next_pid=0 next_prio=120
           <...>-1942  ( 1783) [007] d..2  5859.053464: sched_switch: prev_comm=PropertyWatch prev_pid=1942 prev_prio=120 prev_state=S ==> next_comm=swapper/7 next_pid=0 next_prio=120
          <idle>-0     (-----) [007] d..1  5859.053466: cpu_idle: state=0 cpu_id=7
          <idle>-0     (-----) [004] d.h3  5859.053469: sched_waking: comm=yuntool pid=16316 prio=120 target_cpu=004
          <idle>-0     (-----) [004] dnh4  5859.053474: sched_wakeup: comm=yuntool pid=16316 prio=120 target_cpu=004
          <idle>-0     (-----) [004] d..2  5859.053478: sched_switch: prev_comm=swapper/4 prev_pid=0 prev_prio=120 prev_state=R ==> next_comm=yuntool next_pid=16316 next_prio=120
           <...>-796   (  796) [000] d.h5  5859.053494: sched_waking: comm=crtc_event:204 pid=217 prio=83 target_cpu=004
           <...>-796   (  796) [000] dnh6  5859.053521: sched_wakeup: comm=crtc_event:204 pid=217 prio=83 target_cpu=000
         yuntool-16316 (  692) [004] d..2  5859.053526: sched_switch: prev_comm=yuntool prev_pid=16316 prev_prio=120 prev_state=S ==> next_comm=swapper/4 next_pid=0 next_prio=120
          <idle>-0     (-----) [004] d..1  5859.053530: cpu_idle: state=0 cpu_id=4
