           <...>-796   (  796) [000] dnh7  5859.053533: sched_waking: comm=kworker/0:1 pid=6034 prio=120 target_cpu=000
           <...>-796   (  796) [000] dnh8  5859.053548: sched_wakeup: comm=kworker/0:1 pid=6034 prio=120 target_cpu=000
           <...>-796   (  796) [000] dnh7  5859.053565: sched_waking: comm=SDM_EventThread pid=1071 prio=107 target_cpu=004
          <idle>-0     (-----) [004] d.h2  5859.053568: sched_waking: comm=yuntool pid=16316 prio=120 target_cpu=004
          <idle>-0     (-----) [004] dnh3  5859.053578: sched_wakeup: comm=yuntool pid=16316 prio=120 target_cpu=004
           <...>-796   (  796) [000] dnh8  5859.053586: sched_wakeup: comm=SDM_EventThread pid=1071 prio=107 target_cpu=004
          <idle>-0     (-----) [004] .n.1  5859.053590: cpu_idle: state=4294967295 cpu_id=4
          <idle>-0     (-----) [004] d..2  5859.053594: sched_switch: prev_comm=swapper/4 prev_pid=0 prev_prio=120 prev_state=R ==> next_comm=yuntool next_pid=16316 next_prio=120
           <...>-796   (  796) [000] dnh5  5859.053594: sched_waking: comm=crtc_commit:204 pid=216 prio=83 target_cpu=004
           <...>-796   (  796) [000] dnh6  5859.053609: sched_wakeup: comm=crtc_commit:204 pid=216 prio=83 target_cpu=004
         yuntool-16316 (  692) [004] d..2  5859.053616: sched_switch: prev_comm=yuntool prev_pid=16316 prev_prio=120 prev_state=R+ ==> next_comm=crtc_commit:204 next_pid=216 next_prio=83
           <...>-796   (  796) [000] dnh5  5859.053626: sched_waking: comm=crtc_event:215 pid=219 prio=83 target_cpu=000
          <idle>-0     (-----) [007] .n.1  5859.053643: cpu_idle: state=4294967295 cpu_id=7
           <...>-796   (  796) [000] dnh6  5859.053645: sched_wakeup: comm=crtc_event:215 pid=219 prio=83 target_cpu=007
          <idle>-0     (-----) [007] d..2  5859.053651: sched_switch: prev_comm=swapper/7 prev_pid=0 prev_prio=120 prev_state=R ==> next_comm=crtc_event:215 next_pid=219 next_prio=83
           <...>-796   (  796) [000] dnh5  5859.053660: sched_waking: comm=crtc_commit:215 pid=218 prio=83 target_cpu=000
  crtc_event:215-219   (  219) [007] d..4  5859.053662: sched_waking: comm=weston pid=875 prio=107 target_cpu=004
           <...>-796   (  796) [000] dnh6  5859.053668: sched_wakeup: comm=crtc_commit:215 pid=218 prio=83 target_cpu=000
  crtc_event:215-219   (  219) [007] d..5  5859.053674: sched_wakeup: comm=weston pid=875 prio=107 target_cpu=007
  crtc_event:215-219   (  219) [007] d..2  5859.053680: sched_switch: prev_comm=crtc_event:215 prev_pid=219 prev_prio=83 prev_state=S ==> next_comm=weston next_pid=875 next_prio=107
           <...>-796   (  796) [000] d..2  5859.053708: sched_switch: prev_comm=propertyd prev_pid=796 prev_prio=120 prev_state=R+ ==> next_comm=crtc_event:204 next_pid=217 next_prio=83
 crtc_commit:204-216   (  216) [004] d..2  5859.053727: sched_switch: prev_comm=crtc_commit:204 prev_pid=216 prev_prio=83 prev_state=S ==> next_comm=yuntool next_pid=16316 next_prio=120
          weston-875   (  875) [007] d..2  5859.053746: sched_switch: prev_comm=weston prev_pid=875 prev_prio=107 prev_state=R ==> next_comm=crtc_commit:215 next_pid=218 next_prio=83
         yuntool-16316 (  692) [004] d..2  5859.053748: sched_switch: prev_comm=yuntool prev_pid=16316 prev_prio=120 prev_state=S ==> next_comm=SDM_EventThread next_pid=1071 next_prio=107
 crtc_commit:215-218   (  218) [007] d..2  5859.053758: sched_waking: comm=crtc_event:215 pid=219 prio=83 target_cpu=007
 crtc_commit:215-218   (  218) [007] d..3  5859.053769: sched_wakeup: comm=crtc_event:215 pid=219 prio=83 target_cpu=004
  crtc_event:204-217   (  217) [000] d..2  5859.053771: sched_switch: prev_comm=crtc_event:204 prev_pid=217 prev_prio=83 prev_state=S ==> next_comm=kworker/0:1 next_pid=6034 next_prio=120
 SDM_EventThread-1071  (  875) [004] d..2  5859.053777: sched_switch: prev_comm=SDM_EventThread prev_pid=1071 prev_prio=107 prev_state=R+ ==> next_comm=crtc_event:215 next_pid=219 next_prio=83
  crtc_event:215-219   (  219) [004] d..2  5859.053792: sched_switch: prev_comm=crtc_event:215 prev_pid=219 prev_prio=83 prev_state=S ==> next_comm=SDM_EventThread next_pid=1071 next_prio=107
     kworker/0:1-6034  ( 6034) [000] d..2  5859.053794: sched_switch: prev_comm=kworker/0:1 prev_pid=6034 prev_prio=120 prev_state=I ==> next_comm=propertyd next_pid=796 next_prio=120
 SDM_EventThread-1071  (  875) [004] d.h1  5859.053798: sched_waking: comm=yuntool pid=16316 prio=120 target_cpu=004
 SDM_EventThread-1071  (  875) [004] dnh2  5859.053806: sched_wakeup: comm=yuntool pid=16316 prio=120 target_cpu=004
 SDM_EventThread-1071  (  875) [004] d..2  5859.053810: sched_switch: prev_comm=SDM_EventThread prev_pid=1071 prev_prio=107 prev_state=R+ ==> next_comm=yuntool next_pid=16316 next_prio=120
         yuntool-16316 (  692) [004] d.s1  5859.053864: sched_waking: comm=rcu_preempt pid=9 prio=120 target_cpu=004
 crtc_commit:215-218   (  218) [007] d.s2  5859.053864: sched_waking: comm=rcu_sched pid=10 prio=120 target_cpu=007
           <...>-796   (  796) [000] d.h2  5859.053872: sched_waking: comm=migration/0 pid=20 prio=0 target_cpu=000
         yuntool-16316 (  692) [004] d.s2  5859.053873: sched_wakeup: comm=rcu_preempt pid=9 prio=120 target_cpu=004
 crtc_commit:215-218   (  218) [007] d.s3  5859.053882: sched_wakeup: comm=rcu_sched pid=10 prio=120 target_cpu=004
           <...>-796   (  796) [000] dnh3  5859.053883: sched_wakeup: comm=migration/0 pid=20 prio=0 target_cpu=000
 crtc_commit:215-218   (  218) [007] d.s3  5859.053903: sched_waking: comm=kworker/u16:1 pid=23640 prio=120 target_cpu=004
           <...>-796   (  796) [000] dns2  5859.053907: sched_waking: comm=crtc_event:215 pid=219 prio=83 target_cpu=004
         yuntool-16316 (  692) [004] d..2  5859.053911: sched_switch: prev_comm=yuntool prev_pid=16316 prev_prio=120 prev_state=S ==> next_comm=rcu_preempt next_pid=9 next_prio=120
 crtc_commit:215-218   (  218) [007] d.s4  5859.053919: sched_wakeup: comm=kworker/u16:1 pid=23640 prio=120 target_cpu=007
 crtc_commit:215-218   (  218) [007] d.s3  5859.053923: sched_waking: comm=kworker/7: